11-04 21:02:59.561  1568  1568 V PhoneWindow: DecorView setVisiblity: visibility = 0, Parent = ViewRoot{d92ed0d bluerock.com.bluerock/bluerock.com.bluerock.MainActivity,ident = 2}, this = DecorView@5efc74f[MainActivity]
11-04 21:02:59.561  2729  3873 D RunningBoosterService: [onActivityThreadResumedDone]
11-04 21:02:59.563  3177  3177 V PhoneStatusBar: configuration changed: {1.0 ?mcc?mnc [en_AT] ldltr sw360dp w360dp h648dp 480dpi nrml long port finger qwerty/v/v -nav/h s.80}
11-04 21:02:59.563  2729 32569 D InputDispatcher: setInputWindows
11-04 21:02:59.563  2729  3053 D InputDispatcher: Dispatch frozen.  Waiting some more.
11-04 21:02:59.565  1568  1568 V InputMethodManager: Not IME target window, ignoring
11-04 21:02:59.568  3177  3177 D WindowClient: Add to mViews: com.android.systemui.assist.AssistOrbContainer{bedf6f9 G.E...... ......I. 0,0-0,0}, this = android.view.WindowManagerGlobal@8dc428f
11-04 21:02:59.570  3177  3306 D OpenGLRenderer: CanvasContext() 0x7af7497ac0
11-04 21:02:59.570  3177  3177 D ViewRootImpl[AssistPreviewPanel]: hardware acceleration is enabled, this = ViewRoot{86d784a AssistPreviewPanel,ident = 308}
11-04 21:02:59.572  2729  3871 D InputDispatcher: channel '691380a AssistPreviewPanel (server)' ~ registerInputChannel - monitor=false
11-04 21:02:59.572  2729  3053 D InputDispatcher: Dispatch frozen.  Waiting some more.
11-04 21:02:59.572  2729  3871 D InputDispatcher: setInputWindows
11-04 21:02:59.572  2729  3053 D InputDispatcher: Dispatch frozen.  Waiting some more.
11-04 21:02:59.584  2729  3085 D PerfServiceManager: [PerfService] MESSAGE_SET_UEVENT_INDEX: 6 
11-04 21:02:59.600  3177  3177 D KeyguardUtils: getSubIdUsingPhoneId(phoneId = 0) = -2
11-04 21:02:59.600  3177  3177 I EmergencyButton: subId = -2 , subIndex = 0
11-04 21:02:59.602  3177  3177 I EmergencyButton: ss.getState() = 3 ss.isEmergencyOnly()=false for simId=0
11-04 21:02:59.603  3177  3177 D KeyguardUtils: getSubIdUsingPhoneId(phoneId = 1) = -3
11-04 21:02:59.604  3177  3177 I EmergencyButton: subId = -3 , subIndex = 1
11-04 21:02:59.604  3177  3177 I EmergencyButton: ss.getState() = 1 ss.isEmergencyOnly()=true for simId=1
11-04 21:02:59.604  3177  3177 D KeyguardSecurityModel: getSecurityMode() is called.
11-04 21:02:59.604  3177  3177 D KeyguardSecurityModel: isPinPukOrMeRequiredOfSubId() - phoneId = 0, simState = ABSENT
11-04 21:02:59.604  3177  3177 D KeyguardSecurityModel: isPinPukOrMeRequiredOfSubId() - phoneId = 1, simState = ABSENT
11-04 21:02:59.604  3177  3177 D AntiTheftManager: getCurrentAntiTheftMode() is called.
11-04 21:02:59.605  3177  3177 D KeyguardSecurityModel: getSecurityMode() - security = 196608
11-04 21:02:59.605  3177  3177 D DefaultEmergencyButtonExt: showEccByServiceState i = 0 isServiceSupportEcc[i] = false
11-04 21:02:59.605  3177  3177 D DefaultEmergencyButtonExt: showEccByServiceState i = 1 isServiceSupportEcc[i] = true
11-04 21:02:59.605  3177  3177 I EmergencyButton: mLocateAtNonSecureView = true
11-04 21:02:59.605  3177  3177 D DefaultEmergencyButtonExt: showEccInNonSecureUnlock return false
11-04 21:02:59.605  3177  3177 I EmergencyButton: ECC Button is located on Notification Keygaurd and OP do not ask to show. So this is a normal case ,we never show it.
11-04 21:02:59.605  3177  3177 I EmergencyButton: If the button is on NotificationKeyguard and will not show, we should just set it View.GONE to give more space to IndicationText.
11-04 21:02:59.610  3177  3177 D PhoneStatusBar: setSystemUiVisibility vis=8608 mask=ffffffff oldVal=8608 newVal=8608 diff=0
11-04 21:02:59.613  2729 29840 D InputDispatcher: channel 'f3166a7 AssistPreviewPanel (server)' ~ unregisterInputChannel
11-04 21:02:59.613  2729 29840 D InputDispatcher: channel 'f3166a7 AssistPreviewPanel (server)' ~ abortBrokenDispatchCycle - notify=false
11-04 21:02:59.613  2729  3053 D InputDispatcher: Dispatch frozen.  Waiting some more.
11-04 21:02:59.615  2729 29840 D InputDispatcher: setInputWindows
11-04 21:02:59.615  2729 29840 D InputDispatcher: Window went away: Window{f3166a7 u0 AssistPreviewPanel}
11-04 21:02:59.615  2729  3053 D InputDispatcher: Dispatch frozen.  Waiting some more.
11-04 21:02:59.615  2729 29840 D InputDispatcher: setInputWindows
11-04 21:02:59.616  2729 29840 V WindowManager: findFocusedWindow: No focusable windows.
11-04 21:02:59.616  2729  3053 D InputDispatcher: Dispatch frozen.  Waiting some more.
11-04 21:02:59.616  3177  3177 D WindowClient: Remove from mViews: com.android.systemui.assist.AssistOrbContainer{d74fb60 G.E...... ......ID 0,0-2016,750}, this = android.view.WindowManagerGlobal@8dc428f
11-04 21:02:59.616  2729  3219 D InputDispatcher: channel '439c4b2 AssistPreviewPanel (server)' ~ unregisterInputChannel
11-04 21:02:59.616  2729  3219 D InputDispatcher: channel '439c4b2 AssistPreviewPanel (server)' ~ abortBrokenDispatchCycle - notify=false
11-04 21:02:59.617  2729  3053 D InputDispatcher: Dispatch frozen.  Waiting some more.
11-04 21:02:59.618  2729  3219 D InputDispatcher: setInputWindows
11-04 21:02:59.618  2729  3219 D InputDispatcher: Window went away: Window{439c4b2 u0 AssistPreviewPanel}
11-04 21:02:59.618  2729  3053 D InputDispatcher: Dispatch frozen.  Waiting some more.
11-04 21:02:59.618  2729  3219 D InputDispatcher: setInputWindows
11-04 21:02:59.618  2729  3053 D InputDispatcher: Dispatch frozen.  Waiting some more.
11-04 21:02:59.618  2729  3219 V WindowManager: findFocusedWindow: No focusable windows.
11-04 21:02:59.619  3177  3177 D WindowClient: Remove from mViews: com.android.systemui.assist.AssistOrbContainer{52e224 G.E...... ......ID 0,0-1080,750}, this = android.view.WindowManagerGlobal@8dc428f
11-04 21:02:59.620   324   324 I BufferQueue: [unnamed-324-889](this:0x7a58cc0800,id:889,api:0,p:-1,c:-1) BufferQueue core=(324:/system/bin/surfaceflinger)
11-04 21:02:59.620   324   324 I BufferQueueConsumer: [unnamed-324-889](this:0x7a58cc0800,id:889,api:0,p:-1,c:324) connect(C): consumer=(324:/system/bin/surfaceflinger) controlledByApp=false
11-04 21:02:59.620   324   324 I BufferQueueConsumer: [unnamed-324-815](this:0x7a58cc0800,id:889,api:0,p:-1,c:324) setConsumerName: unnamed-324-815
11-04 21:02:59.620   324   324 I BufferQueueConsumer: [bluerock.com.bluerock/bluerock.com.bluerock.MainActivity](this:0x7a58cc0800,id:889,api:0,p:-1,c:324) setConsumerName: bluerock.com.bluerock/bluerock.com.bluerock.MainActivity
11-04 21:02:59.620   324   324 I BufferQueueProducer: [](this:0x7a58cc0800,id:889,api:0,p:-1,c:324) setMaxDequeuedBufferCount: maxDequeuedBuffers = 2
11-04 21:02:59.620   324   324 I BufferQueueConsumer: [bluerock.com.bluerock/bluerock.com.bluerock.MainActivity](this:0x7a58cc0800,id:889,api:0,p:-1,c:324) setDefaultBufferSize: width=1080 height=2016
11-04 21:02:59.621  2729 14615 V WindowManager: Changing focus from null to Window{f1febac u0 bluerock.com.bluerock/bluerock.com.bluerock.MainActivity} Callers=com.android.server.wm.WindowManagerService.relayoutWindow:3210 com.android.server.wm.Session.relayout:227 android.view.IWindowSession$Stub.onTransact:286 com.android.server.wm.Session.onTransact:148 
11-04 21:02:59.621  2729 14615 D WindowManager: Input focus has changed to Window{f1febac u0 bluerock.com.bluerock/bluerock.com.bluerock.MainActivity}
11-04 21:02:59.636   324   324 I BufferQueueConsumer: [bluerock.com.bluerock/bluerock.com.bluerock.MainActivity](this:0x7a58cc0800,id:889,api:0,p:-1,c:324) setDefaultBufferSize: width=1080 height=2160
11-04 21:02:59.637  2729 14615 D InputDispatcher: setInputWindows
11-04 21:02:59.637  2729 14615 D InputDispatcher: Focus entered window: Window{f1febac u0 bluerock.com.bluerock/bluerock.com.bluerock.MainActivity}
11-04 21:02:59.637  2729  3053 D InputDispatcher: Dispatch frozen.  Waiting some more.
11-04 21:02:59.638  2729 14615 D InputDispatcher: setInputWindows
11-04 21:02:59.638  2729  3053 D InputDispatcher: Dispatch frozen.  Waiting some more.
11-04 21:02:59.638  2729 14615 D InputDispatcher: setInputWindows
11-04 21:02:59.638  2729  3053 D InputDispatcher: Dispatch frozen.  Waiting some more.
11-04 21:02:59.639  1568  1568 D Surface : Surface::allocateBuffers(this=0x7b16654e00)
11-04 21:02:59.639  1568  1588 D OpenGLRenderer: CanvasContext() 0x7afa3b83c0 initialize window=0x7b16654e00, title=bluerock.com.bluerock/bluerock.com.bluerock.MainActivity
11-04 21:02:59.639  1568  1588 D Surface : Surface::connect(this=0x7b16654e00,api=1)
11-04 21:02:59.639   324   503 I BufferQueueProducer: [bluerock.com.bluerock/bluerock.com.bluerock.MainActivity](this:0x7a58cc0800,id:889,api:1,p:1568,c:324) connect(P): api=1 producer=(1568:bluerock.com.bluerock) producerControlledByApp=true
11-04 21:02:59.639  1568  1588 W libEGL  : [ANDROID_RECORDABLE] format: 1
11-04 21:02:59.639  2729  2745 D InputDispatcher: setInputWindows
11-04 21:02:59.640  2729  3053 D InputDispatcher: Dispatch frozen.  Waiting some more.
11-04 21:02:59.640  2729  2745 D InputDispatcher: setInputWindows
11-04 21:02:59.641  2729  3053 D InputDispatcher: Dispatch frozen.  Waiting some more.
11-04 21:02:59.648  1568  1588 D mali_winsys: EGLint new_window_surface(egl_winsys_display*, void*, EGLSurface, EGLConfig, egl_winsys_surface**, egl_color_buffer_format*, EGLBoolean) returns 0x3000
11-04 21:02:59.652  2729 25079 D InputDispatcher: setInputWindows
11-04 21:02:59.652  2729  3053 D InputDispatcher: Dispatch frozen.  Waiting some more.
11-04 21:02:59.652  2729 25079 D InputDispatcher: setInputWindows
11-04 21:02:59.653  2729  3053 D InputDispatcher: Dispatch frozen.  Waiting some more.
11-04 21:02:59.656  2729  3470 D InputDispatcher: setInputWindows
11-04 21:02:59.656  2729  3053 D InputDispatcher: Dispatch frozen.  Waiting some more.
11-04 21:02:59.686  1568  1588 D OpenGLRenderer: CacheTexture 3 upload: x, y, width height = 48, 0, 150, 331
11-04 21:02:59.686   324  2193 I BufferQueueProducer: [bluerock.com.bluerock/bluerock.com.bluerock.MainActivity](this:0x7a58cc0800,id:889,api:1,p:1568,c:324) new GraphicBuffer needed
11-04 21:02:59.700   324   500 I BufferQueueProducer: [bluerock.com.bluerock/bluerock.com.bluerock.MainActivity](this:0x7a58cc0800,id:889,api:1,p:1568,c:324) new GraphicBuffer needed
11-04 21:02:59.706  1568  1588 D OpenGLRenderer: ~CanvasContext() 0x7b0f2631c0
11-04 21:02:59.706  1568  1588 D OpenGLRenderer: ~CanvasContext() 0x7afa3d36c0
11-04 21:02:59.708  1568  1568 V InputMethodManager: onWindowFocus: android.support.v7.widget.RecyclerView{ace77f8 VFED.V... .F....ID 0,0-1080,1776 #7f08007e app:id/recycler_view} softInputMode=272 first=true flags=#81810100
11-04 21:02:59.709  2729  2781 D WindowManager: notifyActivityDrawnForKeyguard: waiting=false Callers=com.android.server.wm.WindowSurfacePlacer.handleAppTransitionReadyLocked:1249 com.android.server.wm.WindowSurfacePlacer.performSurfacePlacementInner:341 com.android.server.wm.WindowSurfacePlacer.performSurfacePlacementLoop:239 com.android.server.wm.WindowSurfacePlacer.performSurfacePlacement:187 com.android.server.wm.WindowManagerService$H.handleMessage:8684 
11-04 21:02:59.709  2729  2781 D InputDispatcher: setInputWindows
11-04 21:02:59.710  2729  3053 D InputDispatcher: Dispatch frozen.  Waiting some more.
11-04 21:02:59.711   324   324 D MALI    : eglCreateImageKHR:513: [Crop] 0 0 0 0  img[1080 2160] 
11-04 21:02:59.711  2729  2781 D InputDispatcher: setInputWindows
11-04 21:02:59.711  2729  3053 D InputDispatcher: Dispatch frozen.  Waiting some more.
11-04 21:02:59.718  2729  2781 D InputDispatcher: setInputWindows
11-04 21:02:59.718  2729  3053 D InputDispatcher: Dispatch frozen.  Waiting some more.
11-04 21:02:59.722   324   503 I BufferQueueProducer: [bluerock.com.bluerock/bluerock.com.bluerock.MainActivity](this:0x7a58cc0800,id:889,api:1,p:1568,c:324) new GraphicBuffer needed
11-04 21:02:59.729   324   324 I BufferQueueConsumer: [StatusBar](this:0x7a58646000,id:22,api:1,p:3177,c:324) setDefaultBufferSize: width=1080 height=72
11-04 21:02:59.729   324   324 D MALI    : eglCreateImageKHR:513: [Crop] 0 0 0 0  img[1080 2160] 
11-04 21:02:59.730  2729 28272 D InputDispatcher: setInputWindows
11-04 21:02:59.730  2729  3053 D InputDispatcher: Dispatch frozen.  Waiting some more.
11-04 21:02:59.732  2729 28272 D InputDispatcher: setInputWindows
11-04 21:02:59.732  2729 28272 D InputDispatcher: setInputWindows
11-04 21:02:59.732  2729  3053 D InputDispatcher: Dispatch frozen.  Waiting some more.
11-04 21:02:59.732  2729  3053 D InputDispatcher: Dispatch frozen.  Waiting some more.
11-04 21:02:59.734  1568  1587 I System.out: [socket][/192.168.1.18:53937] connected
11-04 21:02:59.735  3177  3306 D Surface : Surface::disconnect(this=0x7b16654e00,api=1)
11-04 21:02:59.735   324   503 I BufferQueueProducer: [StatusBar](this:0x7a58646000,id:22,api:1,p:-1,c:324) disconnect(P): api 1
11-04 21:02:59.736   324   503 I BufferQueueConsumer: [StatusBar](this:0x7a58646000,id:22,api:1,p:-1,c:324) getReleasedBuffers: returning mask 0xffffffffffffffff
11-04 21:02:59.737  3177  3306 D Surface : Surface::disconnect(this=0x7b16654e00,api=1)
11-04 21:02:59.737   324   500 I BufferQueueProducer: [StatusBar](this:0x7a58646000,id:22,api:1,p:-1,c:324) disconnect(P): api 1
11-04 21:02:59.737  3177  3306 D Surface : Surface::connect(this=0x7b16654e00,api=1)
11-04 21:02:59.737  1568  1587 D NativeCrypto: ssl=0x7b0a4493c0 NativeCrypto_SSL_do_handshake fd=0x7afc32cec8 shc=0x7afc32cecc timeout_millis=10000 client_mode=1 npn=0x0
11-04 21:02:59.737  1568  1587 D NativeCrypto: ssl=0x7b0a4493c0 info_callback calling handshakeCompleted
11-04 21:02:59.737   324  2193 I BufferQueueProducer: [StatusBar](this:0x7a58646000,id:22,api:1,p:3177,c:324) connect(P): api=1 producer=(3177:com.android.systemui) producerControlledByApp=true
11-04 21:02:59.737  3177  3306 W libEGL  : [ANDROID_RECORDABLE] format: 1
11-04 21:02:59.738  3177  3306 D mali_winsys: EGLint new_window_surface(egl_winsys_display*, void*, EGLSurface, EGLConfig, egl_winsys_surface**, egl_color_buffer_format*, EGLBoolean) returns 0x3000
11-04 21:02:59.803   324   503 I BufferQueueProducer: [StatusBar](this:0x7a58646000,id:22,api:1,p:3177,c:324) new GraphicBuffer needed
11-04 21:02:59.806   314   314 I wmt_launcher: fw log ctrl flag has been set
11-04 21:02:59.807   314   314 I wmt_launcher: fw dynamic ctrl flag has been set
11-04 21:02:59.808   324   991 I BufferQueueProducer: [StatusBar](this:0x7a58646000,id:22,api:1,p:3177,c:324) new GraphicBuffer needed
11-04 21:02:59.811  2729  2781 D InputDispatcher: setInputWindows
11-04 21:02:59.811  2729  3053 D InputDispatcher: Dispatch frozen.  Waiting some more.
11-04 21:02:59.813  2729 14615 D InputDispatcher: setInputWindows
11-04 21:02:59.813  2729  3053 D InputDispatcher: Dispatch frozen.  Waiting some more.
11-04 21:02:59.813  2729 14615 D InputDispatcher: setInputWindows
11-04 21:02:59.813  2729  3053 D InputDispatcher: Dispatch frozen.  Waiting some more.
11-04 21:02:59.816   324   503 I BufferQueueProducer: [NavigationBar](this:0x7a5860c000,id:699,api:1,p:3177,c:324) new GraphicBuffer needed
11-04 21:02:59.819  2729  2781 D InputDispatcher: setInputWindows
11-04 21:02:59.820  2729  3053 D InputDispatcher: Dispatch frozen.  Waiting some more.
11-04 21:02:59.821  2729 10181 D InputDispatcher: setInputWindows
11-04 21:02:59.821  2729  3053 D InputDispatcher: Dispatch frozen.  Waiting some more.
11-04 21:02:59.821  2729 10181 D InputDispatcher: setInputWindows
11-04 21:02:59.822  2729  3053 D InputDispatcher: Dispatch frozen.  Waiting some more.
11-04 21:02:59.822   324   324 D MALI    : eglCreateImageKHR:513: [Crop] 0 0 0 0  img[1080 72] 
11-04 21:02:59.822   324   324 D MALI    : eglCreateImageKHR:513: [Crop] 0 0 0 0  img[1080 144] 
11-04 21:02:59.823  2729  3872 D InputDispatcher: channel '44cfc1 DockedStackDivider (server)' ~ unregisterInputChannel
11-04 21:02:59.823  2729  3872 D InputDispatcher: channel '44cfc1 DockedStackDivider (server)' ~ abortBrokenDispatchCycle - notify=false
11-04 21:02:59.823  2729  3053 D InputDispatcher: Dispatch frozen.  Waiting some more.
11-04 21:02:59.824  2729  3872 D InputDispatcher: setInputWindows
11-04 21:02:59.825  2729  3872 D InputDispatcher: Window went away: Window{44cfc1 u0 DockedStackDivider}
11-04 21:02:59.825  2729  3053 D InputDispatcher: Dispatch frozen.  Waiting some more.
11-04 21:02:59.825  2729  3872 D InputDispatcher: setInputWindows
11-04 21:02:59.825  2729  3053 D InputDispatcher: Dispatch frozen.  Waiting some more.
11-04 21:02:59.826  3177  3177 D WindowClient: Remove from mViews: com.android.systemui.stackdivider.DividerView{e2131eb I.E...... ......ID 0,0-144,0}, this = android.view.WindowManagerGlobal@8dc428f
11-04 21:02:59.827  2729  2781 I WindowManager: Screen frozen for +454ms due to Window{1a1e84d u0 NavigationBar}
11-04 21:02:59.827  2729  2781 V WindowManager: Dismiss!
11-04 21:02:59.854   324   324 I BufferQueue: [unnamed-324-890](this:0x7a58d16000,id:890,api:0,p:-1,c:-1) BufferQueue core=(324:/system/bin/surfaceflinger)
11-04 21:02:59.854   324   324 I BufferQueueConsumer: [unnamed-324-890](this:0x7a58d16000,id:890,api:0,p:-1,c:324) connect(C): consumer=(324:/system/bin/surfaceflinger) controlledByApp=false
11-04 21:02:59.854   324   324 I BufferQueueConsumer: [unnamed-324-816](this:0x7a58d16000,id:890,api:0,p:-1,c:324) setConsumerName: unnamed-324-816
11-04 21:02:59.854   324   324 I BufferQueueConsumer: [BlackSurface](this:0x7a58d16000,id:890,api:0,p:-1,c:324) setConsumerName: BlackSurface
11-04 21:02:59.854   324   324 I BufferQueueProducer: [](this:0x7a58d16000,id:890,api:0,p:-1,c:324) setMaxDequeuedBufferCount: maxDequeuedBuffers = 2
11-04 21:02:59.856   324   324 I BufferQueue: [unnamed-324-891](this:0x7a58dca000,id:891,api:0,p:-1,c:-1) BufferQueue core=(324:/system/bin/surfaceflinger)
11-04 21:02:59.856   324   324 I BufferQueueConsumer: [unnamed-324-891](this:0x7a58dca000,id:891,api:0,p:-1,c:324) connect(C): consumer=(324:/system/bin/surfaceflinger) controlledByApp=false
11-04 21:02:59.856   324   324 I BufferQueueConsumer: [unnamed-324-817](this:0x7a58dca000,id:891,api:0,p:-1,c:324) setConsumerName: unnamed-324-817
11-04 21:02:59.856   324   324 I BufferQueueConsumer: [BlackSurface](this:0x7a58dca000,id:891,api:0,p:-1,c:324) setConsumerName: BlackSurface
11-04 21:02:59.856   324   324 I BufferQueueProducer: [](this:0x7a58dca000,id:891,api:0,p:-1,c:324) setMaxDequeuedBufferCount: maxDequeuedBuffers = 2
11-04 21:02:59.857   324   324 I BufferQueue: [unnamed-324-892](this:0x7a58dcb800,id:892,api:0,p:-1,c:-1) BufferQueue core=(324:/system/bin/surfaceflinger)
11-04 21:02:59.858   324   324 I BufferQueueConsumer: [unnamed-324-892](this:0x7a58dcb800,id:892,api:0,p:-1,c:324) connect(C): consumer=(324:/system/bin/surfaceflinger) controlledByApp=false
11-04 21:02:59.858   324   324 I BufferQueueConsumer: [unnamed-324-818](this:0x7a58dcb800,id:892,api:0,p:-1,c:324) setConsumerName: unnamed-324-818
11-04 21:02:59.858   324   324 I BufferQueueConsumer: [BlackSurface](this:0x7a58dcb800,id:892,api:0,p:-1,c:324) setConsumerName: BlackSurface
11-04 21:02:59.858   324   324 I BufferQueueProducer: [](this:0x7a58dcb800,id:892,api:0,p:-1,c:324) setMaxDequeuedBufferCount: maxDequeuedBuffers = 2
11-04 21:02:59.860   324   324 I BufferQueue: [unnamed-324-893](this:0x7a586a1000,id:893,api:0,p:-1,c:-1) BufferQueue core=(324:/system/bin/surfaceflinger)
11-04 21:02:59.860   324   324 I BufferQueueConsumer: [unnamed-324-893](this:0x7a586a1000,id:893,api:0,p:-1,c:324) connect(C): consumer=(324:/system/bin/surfaceflinger) controlledByApp=false
11-04 21:02:59.860   324   324 I BufferQueueConsumer: [unnamed-324-819](this:0x7a586a1000,id:893,api:0,p:-1,c:324) setConsumerName: unnamed-324-819
11-04 21:02:59.860   324   324 I BufferQueueConsumer: [BlackSurface](this:0x7a586a1000,id:893,api:0,p:-1,c:324) setConsumerName: BlackSurface
11-04 21:02:59.860   324   324 I BufferQueueProducer: [](this:0x7a586a1000,id:893,api:0,p:-1,c:324) setMaxDequeuedBufferCount: maxDequeuedBuffers = 2
11-04 21:02:59.862  2729  2781 D InputDispatcher: setInputDispatchMode: enabled=1, frozen=0
11-04 21:02:59.862  2729  2781 D InputDispatcher: Resetting ANR timeouts.
11-04 21:02:59.862  2729  3053 D InputDispatcher: Resetting ANR timeouts.
11-04 21:02:59.862  2729  3053 D InputDispatcher: dispatchDeviceReset - eventTime=53201459137092, deviceId=1
11-04 21:02:59.862  2729  3053 D InputDispatcher: Resetting ANR timeouts.
11-04 21:02:59.862  2729  2781 D PowerManagerNotifier: onWakeLockReleased: flags=1, tag="SCREEN_FROZEN", packageName=android, ownerUid=1000, ownerPid=2729, workSource=null
11-04 21:02:59.862  2729  2781 D InputDispatcher: setInputWindows
11-04 21:02:59.863  2729 32569 D InputDispatcher: channel 'c84d780 AssistPreviewPanel (server)' ~ unregisterInputChannel
11-04 21:02:59.863  2729 32569 D InputDispatcher: channel 'c84d780 AssistPreviewPanel (server)' ~ abortBrokenDispatchCycle - notify=false
11-04 21:02:59.864  2729 32569 D InputDispatcher: setInputWindows
11-04 21:02:59.864  2729 32569 D InputDispatcher: Window went away: Window{c84d780 u0 AssistPreviewPanel}
11-04 21:02:59.865  2729 32569 D InputDispatcher: setInputWindows
11-04 21:02:59.866  3177  3177 D WindowClient: Remove from mViews: com.android.systemui.assist.AssistOrbContainer{874d8e G.E...... ......ID 0,0-1080,750}, this = android.view.WindowManagerGlobal@8dc428f
11-04 21:02:59.868  1992  1996 I PerfService: PerfServiceNative_getLastBoostPid err:-129
11-04 21:02:59.873   324  2193 I BufferQueueProducer: [StatusBar](this:0x7a58646000,id:22,api:1,p:3177,c:324) new GraphicBuffer needed
11-04 21:02:59.877   324   324 D MALI    : eglCreateImageKHR:513: [Crop] 0 0 0 0  img[1080 72] 
11-04 21:02:59.892  3177  3306 D OpenGLRenderer: ~CanvasContext() 0x7af72f8600
11-04 21:02:59.892  3177  3306 D OpenGLRenderer: ~CanvasContext() 0x7af6388a00
11-04 21:02:59.894  3177  3306 D OpenGLRenderer: ~CanvasContext() 0x7b0f36dd40
11-04 21:02:59.894  3177  3306 D OpenGLRenderer: ~CanvasContext() 0x7af83e0c00
11-04 21:02:59.894  3177  3306 D OpenGLRenderer: ~CanvasContext() 0x7af724a400
11-04 21:02:59.894  3177  3306 D OpenGLRenderer: ~CanvasContext() 0x7af63cb500
11-04 21:02:59.908  2729  3048 D LIGHT   : [ALS]>>en:1,cnt:85,EV_ABS event:code,0;value,40
11-04 21:02:59.908  2729  3048 E PROXIMITY: ProximitySensor: unknown event (type=3, code=0)
11-04 21:02:59.909  2729  2788 D AutomaticBrightnessController: onSensorChanged: mLightSensorEnabled=true, mAmbientLuxValid=true
11-04 21:02:59.909  2729  2788 D AutomaticBrightnessController: updateAmbientLux: mAmbientLuxValid=true, AAL=true
11-04 21:02:59.909  2729  2788 D AutomaticBrightnessController: calculateAmbientLux: [0, 100]: lux=40.0, weight=1005000.0
11-04 21:02:59.909  2729  2788 D AutomaticBrightnessController: calculateAmbientLux: [-500, 0]: lux=90.0, weight=4875000.0
11-04 21:02:59.909  2729  2788 D AutomaticBrightnessController: calculateAmbientLux: totalWeight=5880000.0, newAmbientLux=81.45409
11-04 21:02:59.909  2729  2788 D AutomaticBrightnessController: updateAmbientLux: ambientLux=81.45409, timeToBrighten=2500, timeToDarken=2500, current=145.0
11-04 21:02:59.909  2729  2788 D AutomaticBrightnessController: updateAmbientLux: Scheduling ambient lux update for 5320444053204440 (in 2499 ms)
11-04 21:02:59.909  2729  2788 D AutomaticBrightnessController: onSensorChanged: lux = 40.0
11-04 21:02:59.943  1568  1587 D NativeCrypto: ssl=0x7b0a4493c0 cert_verify_callback => 1
11-04 21:02:59.980  2234  2380 D AALService: enableAALEvent: 0 -> 1
11-04 21:02:59.980  2234  2380 D AALService: Output backlight = 336/1023, CABC gain = 256
11-04 21:02:59.999  2729  3051 D AlarmManager: set alarm to RTC 168280522
11-04 21:03:00.000  2729  3051 D DataShapingService: Alarm manager openLteDataUpLinkGate: false
11-04 21:03:00.000  2729  3051 V AlarmManager: openLteGateSuccess = false
11-04 21:03:00.001  2729  3051 V AlarmManager: sending alarm Alarm{d12cad6 type 3 when 168255956 android} success
11-04 21:03:00.001  2729  3051 D PowerManagerNotifier: onWakeLockAcquired: flags=1073741825, tag="*alarm*", packageName=android, ownerUid=1000, ownerPid=2729, workSource=WorkSource{1000}
11-04 21:03:00.001  2729  2729 V AlarmManager: mSupportAlarmGrouping = true  mAmPlus = com.mediatek.amplus.AlarmManagerPlus@b30593e
11-04 21:03:00.001  2729  2729 V aeonHandleSetAlarm: aeonHandleService isScreenOn=true, return
11-04 21:03:00.001  2729  2729 V AlarmManager: APP set(PendingIntent{35c2674: PendingIntentRecord{3abe79d android broadcastIntent}}) : type=3 triggerAtTime=168315957 win=0 tElapsed=168315957 maxElapsed=168315957 interval=0 flags=0x1
11-04 21:03:00.002  2729  2729 D ActivityThread: BDC-Calling finishReceiver: IIntentReceiver=8f24661
11-04 21:03:00.003  3177  3177 D KeyguardUpdateMonitor: received broadcast android.intent.action.TIME_TICK
11-04 21:03:00.003  3177  3177 D ActivityThread: BDC-Calling finishReceiver: IIntentReceiver=5df1d26
11-04 21:03:00.003  3177  3177 D KeyguardUpdateMonitor: handleTimeUpdate
11-04 21:03:00.003  2729  3875 D AlarmManager: getNextAlarmClockImpl is called before Lock 
11-04 21:03:00.003  2729  3875 D AlarmManager: getNextAlarmClockImpl is called in Lock 
11-04 21:03:00.010  3177  3177 D ActivityThread: BDC-Calling finishReceiver: IIntentReceiver=9b26080
11-04 21:03:00.012  3177  3177 D ActivityThread: BDC-Calling finishReceiver: IIntentReceiver=d5a46b9
11-04 21:03:00.028  3177  3177 D ActivityThread: BDC-Calling finishReceiver: IIntentReceiver=d12aafe
11-04 21:03:00.030  3177  3177 D ActivityThread: BDC-Calling finishReceiver: IIntentReceiver=f80625f
11-04 21:03:00.032  3177  3177 D ActivityThread: BDC-Calling finishReceiver: IIntentReceiver=c1d04ac
11-04 21:03:00.036  2234  2380 D AALService: Output backlight = 335/1023, CABC gain = 256
11-04 21:03:00.044   324   324 D MALI    : eglCreateImageKHR:513: [Crop] 0 0 0 0  img[1080 72] 
11-04 21:03:00.049  3177  3177 D ActivityThread: BDC-Calling finishReceiver: IIntentReceiver=8cf9575
11-04 21:03:00.066  3177  3177 D ActivityThread: BDC-Calling finishReceiver: IIntentReceiver=d6a790a
11-04 21:03:00.090  3177  3177 D ActivityThread: BDC-Calling finishReceiver: IIntentReceiver=ef2c57b
11-04 21:03:00.091  2729  2729 D AlarmManager: onSendFinished begin
11-04 21:03:00.091  2729  2729 D PowerManagerNotifier: onWakeLockReleased: flags=1073741825, tag="*alarm*", packageName=android, ownerUid=1000, ownerPid=2729, workSource=WorkSource{1000}
11-04 21:03:00.091  2234  2380 D AALService: Output backlight = 336/1023, CABC gain = 256
11-04 21:03:00.130  1568  1587 D NativeCrypto: ssl=0x7b0a4493c0 info_callback calling handshakeCompleted
11-04 21:03:00.130  1568  1587 D NativeCrypto: ssl=0x7b0a4493c0 NativeCrypto_SSL_get_certificate => NULL
11-04 21:03:00.130  1568  1587 I System.out: gba_cipher_suite:TLS_ECDHE_RSA_WITH_AES_256_GCM_SHA384
11-04 21:03:00.147  2234  2380 D AALService: Output backlight = 337/1023, CABC gain = 256
11-04 21:03:00.209  3177  3177 D NetworkController.WifiSignalController: Change in state from: connected=true,enabled=true,level=2,inetCondition=1,iconGroup=IconGroup(Wi-Fi Icons),activityIn=false,activityOut=false,rssi=-77,lastModified=11-04 09:02:59,ssid="ASUS"
11-04 21:03:00.209  3177  3177 D NetworkController.WifiSignalController: 	to: connected=true,enabled=true,level=2,inetCondition=1,iconGroup=IconGroup(Wi-Fi Icons),activityIn=true,activityOut=true,rssi=-77,lastModified=11-04 09:02:59,ssid="ASUS"
11-04 21:03:00.267   324   324 I DisplayDevice: [Built-in Screen (type:0)] fps:40.284969,dur:1017.75,max:151.97,min:2.09
11-04 21:03:00.303  2729  2781 I WindowManager:   FREEZE Surface(name=ScreenshotSurface): DESTROY
11-04 21:03:00.305  2729  3085 I libPerfService: 5: set: -1, -1, -1, 
11-04 21:03:00.306  2729  3085 I libPerfService: 5: set freq: -1, -1, -1, 
11-04 21:03:00.320  2729  2781 D InputDispatcher: setInputWindows
11-04 21:03:00.322   324   324 I BufferQueueConsumer: [ScreenshotSurface](this:0x7a5877a000,id:888,api:1,p:-1,c:-1) disconnect(C)
11-04 21:03:00.322   324   324 I BufferQueueConsumer: [BlackSurface](this:0x7a58d16000,id:890,api:0,p:-1,c:-1) disconnect(C)
11-04 21:03:00.322   324   324 I BufferQueueConsumer: [BlackSurface](this:0x7a58dca000,id:891,api:0,p:-1,c:-1) disconnect(C)
11-04 21:03:00.322   324   324 I BufferQueueConsumer: [BlackSurface](this:0x7a58dcb800,id:892,api:0,p:-1,c:-1) disconnect(C)
11-04 21:03:00.322   324   324 I BufferQueueConsumer: [BlackSurface](this:0x7a586a1000,id:893,api:0,p:-1,c:-1) disconnect(C)
11-04 21:03:00.322   324   324 I BufferQueue: [ScreenshotSurface](this:0x7a5877a000,id:888,api:1,p:-1,c:-1) ~BufferQueueCore
11-04 21:03:00.322   324   324 I BufferQueue: [BlackSurface](this:0x7a58d16000,id:890,api:0,p:-1,c:-1) ~BufferQueueCore
11-04 21:03:00.322   324   324 I BufferQueue: [BlackSurface](this:0x7a58dca000,id:891,api:0,p:-1,c:-1) ~BufferQueueCore
11-04 21:03:00.322   324   324 I BufferQueue: [BlackSurface](this:0x7a58dcb800,id:892,api:0,p:-1,c:-1) ~BufferQueueCore
11-04 21:03:00.322   324   324 I BufferQueue: [BlackSurface](this:0x7a586a1000,id:893,api:0,p:-1,c:-1) ~BufferQueueCore
11-04 21:03:00.327  1568  1587 D OkHttp  : <-- 400 Bad Request https://pixabay.com/api/?key=10583771-d9cdc2ef7dce85b4c6299413f/editors_choice=1 (781ms)
11-04 21:03:00.327  1568  1587 D OkHttp  : Server: nginx/1.10.3
11-04 21:03:00.327  1568  1587 D OkHttp  : Date: Mon, 05 Nov 2018 05:02:53 GMT
11-04 21:03:00.327  1568  1587 D OkHttp  : Content-Type: text/html; charset=utf-8
11-04 21:03:00.327  1568  1587 D OkHttp  : Content-Length: 64
11-04 21:03:00.327  1568  1587 D OkHttp  : Connection: keep-alive
11-04 21:03:00.327  1568  1587 D OkHttp  : Vary: Accept-Language, Cookie
11-04 21:03:00.327  1568  1587 D OkHttp  : Content-Language: en
11-04 21:03:00.327  1568  1587 D OkHttp  : Set-Cookie: sessionid="eyJfbGFuZ3VhZ2UiOiJlbiJ9:1gJX2L:Qlc5rn3Wn81zYaIS0ptlWqg0VxE"; expires=Mon, 19-Nov-2018 05:02:53 GMT; httponly; Max-Age=1209600; Path=/
11-04 21:03:00.330  1568  1587 D OkHttp  : [ERROR 400] Invalid API key. Note: This value is case-sensitive.
11-04 21:03:00.330  1568  1587 D OkHttp  : <-- END HTTP (64-byte body)
11-04 21:03:00.336  2729 14615 I NotificationService: enqueueToast pkg=bluerock.com.bluerock callback=android.app.ITransientNotification$Stub$Proxy@251c157 duration=0
11-04 21:03:00.340  2729 14615 D NotificationService: Show pkg=bluerock.com.bluerock callback=android.app.ITransientNotification$Stub$Proxy@251c157
11-04 21:03:00.342  1568  1568 D WindowClient: Add to mViews: android.widget.LinearLayout{2f3aecf V.E...... ......I. 0,0-0,0}, this = android.view.WindowManagerGlobal@7d9b3c9
11-04 21:03:00.344  1568  1588 D OpenGLRenderer: CanvasContext() 0x7afa3d36c0
11-04 21:03:00.344  1568  1568 D ViewRootImpl[Toast]: hardware acceleration is enabled, this = ViewRoot{72668eb Toast,ident = 3}
11-04 21:03:00.346  2729 30124 D InputDispatcher: channel 'c48be62 Toast (server)' ~ registerInputChannel - monitor=false
11-04 21:03:00.346  2729 30124 D AppOps  : startOperation: allowing code 45 uid 10119 package bluerock.com.bluerock
11-04 21:03:00.347  2729 30124 D InputDispatcher: setInputWindows
11-04 21:03:00.365   324   324 I BufferQueue: [unnamed-324-894](this:0x7a586a1000,id:894,api:0,p:-1,c:-1) BufferQueue core=(324:/system/bin/surfaceflinger)
11-04 21:03:00.365   324   324 I BufferQueueConsumer: [unnamed-324-894](this:0x7a586a1000,id:894,api:0,p:-1,c:324) connect(C): consumer=(324:/system/bin/surfaceflinger) controlledByApp=false
11-04 21:03:00.365   324   324 I BufferQueueConsumer: [unnamed-324-820](this:0x7a586a1000,id:894,api:0,p:-1,c:324) setConsumerName: unnamed-324-820
11-04 21:03:00.365   324   324 I BufferQueueConsumer: [Toast](this:0x7a586a1000,id:894,api:0,p:-1,c:324) setConsumerName: Toast
11-04 21:03:00.365   324   324 I BufferQueueProducer: [](this:0x7a586a1000,id:894,api:0,p:-1,c:324) setMaxDequeuedBufferCount: maxDequeuedBuffers = 2
11-04 21:03:00.365   324   324 I BufferQueueConsumer: [Toast](this:0x7a586a1000,id:894,api:0,p:-1,c:324) setDefaultBufferSize: width=1 height=1
11-04 21:03:00.377   324   324 I BufferQueueConsumer: [Toast](this:0x7a586a1000,id:894,api:0,p:-1,c:324) setDefaultBufferSize: width=588 height=132
11-04 21:03:00.378  2729 25079 D InputDispatcher: setInputWindows
11-04 21:03:00.380  2729 25079 D InputDispatcher: setInputWindows
11-04 21:03:00.380  2729 25079 D InputDispatcher: setInputWindows
11-04 21:03:00.381  1568  1588 D OpenGLRenderer: CanvasContext() 0x7afa3d36c0 initialize window=0x7b16655c00, title=Toast
11-04 21:03:00.381  1568  1568 D Surface : Surface::allocateBuffers(this=0x7b16655c00)
11-04 21:03:00.382  1568  1588 D Surface : Surface::connect(this=0x7b16655c00,api=1)
11-04 21:03:00.382   324  2193 I BufferQueueProducer: [Toast](this:0x7a586a1000,id:894,api:1,p:1568,c:324) connect(P): api=1 producer=(1568:bluerock.com.bluerock) producerControlledByApp=true
11-04 21:03:00.382  1568  1588 W libEGL  : [ANDROID_RECORDABLE] format: 1
11-04 21:03:00.384  1568  1588 D mali_winsys: EGLint new_window_surface(egl_winsys_display*, void*, EGLSurface, EGLConfig, egl_winsys_surface**, egl_color_buffer_format*, EGLBoolean) returns 0x3000
11-04 21:03:00.388  2729  3064 D WifiStateMachine:  ConnectedState !CMD_RSSI_POLL  rt=53202419/168256343 44 0 "ASUS" ac:9e:17:ab:34:78 rssi=-73 f=5805 sc=56 link=87 tx=3,2, 0,0, 0,0  rx=4,1 bcn=0 [on:0 tx:0 rx:0 period:2999] from screen [on:0 period:-499078876] gl hn rssi=-68 ag=0 ls-=0 [56,56,56,56,56] brc=0 lrc=0 offload-stopped
11-04 21:03:00.389  2729  3064 D WifiStateMachine:  L2ConnectedState !CMD_RSSI_POLL  rt=53202420/168256345 44 0 "ASUS" ac:9e:17:ab:34:78 rssi=-73 f=5805 sc=56 link=87 tx=3,2, 0,0, 0,0  rx=4,1 bcn=0 [on:0 tx:0 rx:0 period:1] from screen [on:0 period:-499078875] gl hn rssi=-68 ag=0 ls-=0 [56,56,56,56,56] brc=0 lrc=0 offload-stopped
11-04 21:03:00.390  2729  3064 D WifiStateMachine:  get link layer stats 0
11-04 21:03:00.390  2729  3064 D WifiHW  : enter -->wifi_send_command cmd=IFNAME=wlan0 SIGNAL_POLL
11-04 21:03:00.392  2729  3064 D WifiHW  : leave --> reply=RSSI=-76
11-04 21:03:00.392  2729  3064 D WifiHW  : LINKSPEED=87
11-04 21:03:00.392  2729  3064 D WifiHW  : NOISE=9999
11-04 21:03:00.392  2729  3064 D WifiHW  : FREQUENCY=5805
11-04 21:03:00.392  2729  3064 D WifiHW  : 000000000000000000000000000000007f0800000f0200000040bf0cb2018033eaff0000eaff0000c005012a00fcffc30402c4c4c4dd180050f2020101840003a4000027a4000042435e0062322f00dd0900037f01010000ff7fdd1a0050f20101000050f20202000050f2040050f20201000050f20230180100000fac020200000fac04000fac020100000fac020000
11-04 21:03:00.392  2729  3064 D WifiHW  : flags=[WPA-PSK-CCMP+TKIP][WPA2-PSK-CCMP+TKIP][ESS]
11-04 21:03:00.392  2729  3064 D WifiHW  : ssid=
11-04 21:03:00.392  2729  3064 D WifiHW  : ####
11-04 21:03:00.392  2729  3064 D WifiStateMachine: fetchRssiLinkSpeedAndFrequencyNative rssi=-76 linkspeed=87 freq=5805
11-04 21:03:00.392  2729  3064 D WifiStateMachine: mLastSignalLevel:2, newSignalLevel:2
11-04 21:03:00.393  2729  3064 D WifiConfigManager: updateConfiguration freq=5805 BSSID=ac:9e:17:ab:34:78 RSSI=-76 "ASUS"WPA_PSK
11-04 21:03:00.393  2729  3064 D WifiStateMachine: calculateWifiScore freq=5805 speed=87 score=56 -> txbadrate=0,00 txgoodrate=6,10 txretriesrate=0,00 rxrate=6,07 userTriggerdPenalty0
11-04 21:03:00.394  2729  3064 D WifiStateMachine:  good link -> stuck count =0
11-04 21:03:00.394  2729  3064 D WifiStateMachine:  badRSSI count0 lowRSSI count0 --> score 60
11-04 21:03:00.394  2729  3064 D WifiStateMachine: calculateWifiScore() report new score 60
11-04 21:03:00.394  2729  3105 D Ethernet: new score 60 for exisiting request NetworkRequest [ REQUEST id=1, [ Capabilities: INTERNET&NOT_RESTRICTED&TRUSTED&NOT_VPN] ]
11-04 21:03:00.394  2729  3105 D Ethernet:   my score=-1, my filter=[ Transports: ETHERNET Capabilities: INTERNET&NOT_RESTRICTED&TRUSTED&NOT_VPN LinkUpBandwidth>=100000Kbps LinkDnBandwidth>=100000Kbps]
11-04 21:03:00.395  2729  3105 D Ethernet: evalRequest request = NetworkRequest [ REQUEST id=1, [ Capabilities: INTERNET&NOT_RESTRICTED&TRUSTED&NOT_VPN] ] with requested = false
11-04 21:03:00.395  2729  3105 D Ethernet:   done
11-04 21:03:00.395  3423  3423 D PhoneSwitcherNetworkRequstListener: new score 60 for exisiting request NetworkRequest [ REQUEST id=1, [ Capabilities: INTERNET&NOT_RESTRICTED&TRUSTED&NOT_VPN] ]
11-04 21:03:00.395  3423  3423 D PhoneSwitcherNetworkRequstListener:   my score=101, my filter=[ Transports: CELLULAR Capabilities: MMS&SUPL&DUN&FOTA&IMS&CBS&IA&RCS&XCAP&EIMS&INTERNET&NOT_RESTRICTED&TRUSTED&NOT_VPN&BIP Specifier: <*>]
11-04 21:03:00.395  3423  3423 D PhoneSwitcherNetworkRequstListener: evalRequest request = NetworkRequest [ REQUEST id=1, [ Capabilities: INTERNET&NOT_RESTRICTED&TRUSTED&NOT_VPN] ] with requested = true
11-04 21:03:00.395  2729  3064 D WIFI_UT : new score 60 for exisiting request NetworkRequest [ REQUEST id=1, [ Capabilities: INTERNET&NOT_RESTRICTED&TRUSTED&NOT_VPN] ]
11-04 21:03:00.395  3423  3423 D PhoneSwitcherNetworkRequstListener:   done
11-04 21:03:00.395  2729  3064 D WIFI_UT :   my score=2147483647, my filter=[ Transports: WIFI Capabilities: NOT_METERED&INTERNET&NOT_RESTRICTED&TRUSTED&NOT_VPN LinkUpBandwidth>=1048576Kbps LinkDnBandwidth>=1048576Kbps]
11-04 21:03:00.395  2729  3064 D WIFI_UT : evalRequest request = NetworkRequest [ REQUEST id=1, [ Capabilities: INTERNET&NOT_RESTRICTED&TRUSTED&NOT_VPN] ] with requested = true
11-04 21:03:00.396  2729  3064 D WIFI_UT :   done
11-04 21:03:00.396  2729  3064 D WIFI    : new score 60 for exisiting request NetworkRequest [ REQUEST id=1, [ Capabilities: INTERNET&NOT_RESTRICTED&TRUSTED&NOT_VPN] ]
11-04 21:03:00.396  2729  3064 D WIFI    :   my score=60, my filter=[ Transports: WIFI Capabilities: NOT_METERED&INTERNET&NOT_RESTRICTED&TRUSTED&NOT_VPN LinkUpBandwidth>=1048576Kbps LinkDnBandwidth>=1048576Kbps]
11-04 21:03:00.397  2729  3064 D WIFI    : evalRequest request = NetworkRequest [ REQUEST id=1, [ Capabilities: INTERNET&NOT_RESTRICTED&TRUSTED&NOT_VPN] ] with requested = true
11-04 21:03:00.397  2729  3064 D WIFI    :   done
11-04 21:03:00.400   324  2193 I BufferQueueProducer: [Toast](this:0x7a586a1000,id:894,api:1,p:1568,c:324) new GraphicBuffer needed
11-04 21:03:00.409   324   991 I BufferQueueProducer: [Toast](this:0x7a586a1000,id:894,api:1,p:1568,c:324) new GraphicBuffer needed
11-04 21:03:00.415  2729  2781 D InputDispatcher: setInputWindows
11-04 21:03:00.415   324   324 D MALI    : eglCreateImageKHR:513: [Crop] 0 0 0 0  img[588 132] 
11-04 21:03:00.418  2729  2781 D InputDispatcher: setInputWindows
11-04 21:03:00.418  2729  2781 D PowerManagerNotifier: onWakeLockAcquired: flags=536870922, tag="WindowManager", packageName=android, ownerUid=1000, ownerPid=2729, workSource=WorkSource{10119}
11-04 21:03:00.472  1992  1999 I PerfService: PerfServiceNative_getLastBoostPid err:-129
11-04 21:03:00.740  2234  2380 D AALService: enableAALEvent: 1 -> 0
11-04 21:03:00.866  2241  2241 I thermal_repeater: oh, queryMdThermalInfo (0)No such file or directory
11-04 21:03:00.869  1992  1996 I PerfService: PerfServiceNative_getLastBoostPid err:-129
11-04 21:03:00.882  2234  2385 D AALLightSensor: newLux = 40, [40, 49] -> 144
11-04 21:03:00.884  2241  2241 I thermal_repeater: [recvMdThermalInfo] ret=28, strLen=127,  2, 32767, -127, 0, 32767, 1
11-04 21:03:00.976  2729  2781 D InputDispatcher: setInputWindows
