--------- beginning of main
11-04 21:02:54.865  1992  1996 I PerfService: PerfServiceNative_getLastBoostPid err:-129
--------- beginning of system
11-04 21:02:54.881  2729  3051 D AlarmManager: set alarm to RTC 168251643
11-04 21:02:54.881  2729  3051 D DataShapingService: Alarm manager openLteDataUpLinkGate: false
11-04 21:02:54.881  2729  3051 V AlarmManager: openLteGateSuccess = false
11-04 21:02:54.882  2729  3051 D AlarmManager: wakeup alarm = Alarm{df1104d type 2 when 168250837 android}; listener package = WifiConnectivityManager Schedule Periodic Scan TimerneedGrouping = false
11-04 21:02:54.884  2729  3064 D WifiConnectivityManager: periodicScanTimerHandler
11-04 21:02:54.884  2729  3064 D WifiScanner: startScan, pid:2729, tid:3064, uid:1000
11-04 21:02:54.891  2729  3066 D WifiScanningService: addSingleScanRequest: ClientInfo[uid=1000,android.os.Messenger@da87dda],Id=228,WorkSource{1010}, ScanSettings {  band:7 period:0 reportEvents:3 numBssidsPerScan:0 maxScansToCache:0 channels:[  ]  maxPeriodInMs:0 stepCount:0 } 
11-04 21:02:54.892  2729  3066 D WifiHAL : WifiRequest::create vendor command to iface 35, vendor_id=0x1a11, subcmd=0x0001, res=0
11-04 21:02:54.892  2729  3066 I WifiHAL : In GetChannelList::mBand=1
11-04 21:02:54.893  2729  3066 I WifiHAL : Get channel list with 11 channels
11-04 21:02:54.893  2729  3066 D WifiHAL : mChannels[0]=2412 mChannels[1]=2417
11-04 21:02:54.893  2729  3066 D WifiHAL : WifiRequest::create vendor command to iface 35, vendor_id=0x1a11, subcmd=0x0001, res=0
11-04 21:02:54.893  2729  3066 I WifiHAL : In GetChannelList::mBand=2
11-04 21:02:54.893  2729  3066 I WifiHAL : Get channel list with 9 channels
11-04 21:02:54.893  2729  3066 D WifiHAL : mChannels[0]=5180 mChannels[1]=5200
11-04 21:02:54.894  2729  3066 D WifiHAL : WifiRequest::create vendor command to iface 35, vendor_id=0x1a11, subcmd=0x0001, res=0
11-04 21:02:54.894  2729  3066 I WifiHAL : In GetChannelList::mBand=4
11-04 21:02:54.894  2729  3066 I WifiHAL : Get channel list with 16 channels
11-04 21:02:54.894  2729  3066 D WifiHAL : mChannels[0]=5260 mChannels[1]=5280
11-04 21:02:54.896  2729  3066 D WifiScanningService: tryToStartNewScan startSingleScan: base_period_ms0 num_buckets= 1
11-04 21:02:54.897  2729  3066 D SupplicantWifiScannerImpl: Force stopping Pno scan
11-04 21:02:54.897  2729  3066 D SupplicantWifiScannerImpl: PNO state is already false
11-04 21:02:54.897  2729  3066 D WifiHW  : enter -->wifi_send_command cmd=IFNAME=wlan0 SCAN TYPE=ONLY
11-04 21:02:54.901  2729  3138 D WifiHW  : [1] get event: IFNAME=wlan0 <3>CTRL-EVENT-SCAN-STARTED 
11-04 21:02:54.901  2729  3138 D WifiHW  : [2] get event: IFNAME=wlan0 CTRL-EVENT-SCAN-STARTED 
11-04 21:02:54.904  2729  3138 D WifiMonitor: Dispatching event to interface: wlan0
11-04 21:02:54.904  2729  3138 D WifiHW  : enter -->wifi_wait_on_socket buflen=2048
11-04 21:02:54.910  2729  3064 I WifiConnectivityManager: schedulePeriodicScanTimer: 160000
11-04 21:02:54.910  2729  3051 D PowerManagerNotifier: onWakeLockAcquired: flags=1, tag="*alarm*", packageName=android, ownerUid=1000, ownerPid=2729, workSource=WorkSource{1000}
11-04 21:02:54.911  2729  3064 V aeonHandleSetAlarm: aeonHandleService isScreenOn=true, return
11-04 21:02:54.911  2729  3064 V AlarmManager: APP set with listener(WifiConnectivityManager Schedule Periodic Scan Timer) : type=2 triggerAtTime=168410866 win=-1 tElapsed=168410866 maxElapsed=168530865 interval=0 flags=0x8
11-04 21:02:54.912  2729  3064 D PowerManagerNotifier: onWakeLockReleased: flags=1, tag="*alarm*", packageName=android, ownerUid=1000, ownerPid=2729, workSource=WorkSource{1000}
11-04 21:02:54.913  2729  3064 D WifiConnectivityManager: SingleScanListener onSuccess
11-04 21:02:54.915  2729  3066 D WifiHW  : leave --> reply=OK
11-04 21:02:54.915  2729  3066 D WifiHW  : ûz
11-04 21:02:54.925  2729  3066 D SupplicantWifiScannerImpl: Starting wifi scan for freqs=null, background=false, single=true
11-04 21:02:54.925  2729  3066 V aeonHandleSetAlarm: aeonHandleService isScreenOn=true, return
11-04 21:02:54.926  2729  3066 V AlarmManager: APP set with listener(SupplicantWifiScannerImpl Scan Timeout) : type=2 triggerAtTime=168265882 win=-1 tElapsed=168265882 maxElapsed=168277132 interval=0 flags=0x8
11-04 21:02:55.345  2729  2780 D BluetoothManagerService: Message: 401
11-04 21:02:55.346  2729  2780 V gxl     : aeonHandleService isScreenOn=true, return
11-04 21:02:55.687  2729  3051 D AlarmManager: set alarm to RTC 168265882
11-04 21:02:55.687  2729  3051 D AlarmManager: set alarm to RTC 168255956
11-04 21:02:55.687  2729  3051 D DataShapingService: Alarm manager openLteDataUpLinkGate: false
11-04 21:02:55.687  2729  3051 V AlarmManager: openLteGateSuccess = false
11-04 21:02:55.688  2729  3051 D AlarmManager: wakeup alarm = Alarm{a441813 type 2 when 168251643 android}; listener package = *job.delay*needGrouping = false
11-04 21:02:55.693  2729  2729 V aeonHandleSetAlarm: aeonHandleService isScreenOn=true, return
11-04 21:02:55.696  2729  3051 D PowerManagerNotifier: onWakeLockAcquired: flags=1, tag="*alarm*", packageName=android, ownerUid=1000, ownerPid=2729, workSource=WorkSource{10021}
11-04 21:02:55.700  2729  2729 V AlarmManager: APP set with listener(*job.delay*) : type=2 triggerAtTime=168367748 win=-1 tElapsed=168367748 maxElapsed=168454822 interval=0 flags=0x0
11-04 21:02:55.701  2729  2729 D PowerManagerNotifier: onWakeLockReleased: flags=1, tag="*alarm*", packageName=android, ownerUid=1000, ownerPid=2729, workSource=WorkSource{10021}
11-04 21:02:55.711  2729  2729 V gxl     : aeonHandleService isScreenOn=true, return
11-04 21:02:55.718 20130 20130 V ActivityThread: SVC-Creating service CreateServiceData{token=android.os.BinderProxy@2ff66bb className=com.google.android.finsky.scheduler.JobSchedulerEngine$PhoneskyJobSchedulerJobService packageName=com.android.vending intent=null}
11-04 21:02:55.729  2729  2729 D PowerManagerNotifier: onWakeLockAcquired: flags=1, tag="*job*/com.android.vending/com.google.android.finsky.scheduler.JobSchedulerEngine$PhoneskyJobSchedulerJobService", packageName=android, ownerUid=1000, ownerPid=2729, workSource=WorkSource{10021}
11-04 21:02:55.732 20130 20130 I Finsky  : [1] com.google.android.finsky.scheduler.JobSchedulerEngine$PhoneskyJobSchedulerJobService.onStartJob(8): onJobSchedulerWakeup with jobId 9000
11-04 21:02:55.742  2729  3870 V aeonHandleSetAlarm: aeonHandleService isScreenOn=true, return
11-04 21:02:55.742  2729  3870 V AlarmManager: APP set(PendingIntent{74e226f: PendingIntentRecord{823e680 com.android.vending startService}}) : type=2 triggerAtTime=211451689 win=-1 tElapsed=211451689 maxElapsed=243851681 interval=0 flags=0x0
11-04 21:02:55.744  2729  3870 D AlarmManager: remove(operation) changed bounds; rebatching operation = PendingIntent{74e226f: PendingIntentRecord{823e680 com.android.vending startService}}
11-04 21:02:55.746 20130 20130 I Finsky  : [1] com.google.android.finsky.scheduler.ae.a(41): Scheduling fallback in 43199987 (absolute: 211451689)
11-04 21:02:55.756  2729 22189 V aeonHandleSetAlarm: aeonHandleService isScreenOn=true, return
11-04 21:02:55.756  2729 22189 V AlarmManager: APP set(PendingIntent{b9cab7c: PendingIntentRecord{3ea0fe com.android.vending startService}}) : type=2 triggerAtTime=233051703 win=-1 tElapsed=233051703 maxElapsed=281651696 interval=0 flags=0x0
11-04 21:02:55.757  2729 22189 D AlarmManager: remove(operation) changed bounds; rebatching operation = PendingIntent{b9cab7c: PendingIntentRecord{3ea0fe com.android.vending startService}}
11-04 21:02:55.759 20130 20130 I Finsky  : [1] com.google.android.finsky.scheduler.ae.a(41): Scheduling fallback in 64799988 (absolute: 233051703)
11-04 21:02:55.766 20130 20130 I Finsky  : [1] com.google.android.finsky.scheduler.am.handleMessage(16): DeviceState: DeviceState{currentTime=1541394175763, isCharging=true, isIdle=false, netAny=true, netNotRoaming=true, netUnmetered=true}
11-04 21:02:55.772 20130 20130 I Finsky  : [1] com.google.android.finsky.scheduler.bp.a(81): Jobs in database: 1-1337 12-1 26-1414141414 
11-04 21:02:55.775 20130 20130 I Finsky  : [1] com.google.android.finsky.scheduler.ah.a(59): Running job: 12-1
11-04 21:02:55.776 20130 20130 I Finsky  : [1] com.google.android.finsky.contentsync.ContentSyncJob.a(30): ContentSyncJob started
11-04 21:02:55.779 20130 20130 I Finsky  : [1] com.google.android.finsky.scheduler.ah.a(105): RunningQueue size: 1, PendingQueue size: 0
11-04 21:02:55.779 20130 20130 I Finsky  : [1] com.google.android.finsky.scheduler.ah.a(116): Running queue: 12-1 
11-04 21:02:55.783 20130 20199 I Finsky  : [522] com.google.android.finsky.n.c.a(21): Completed 0 account content syncs with 0 successful.
11-04 21:02:55.785 20130 20130 I Finsky  : [1] com.google.android.finsky.contentsync.ContentSyncJob.a(28): Installation state replication succeeded.
11-04 21:02:55.785 20130 20130 I Finsky  : [1] com.google.android.finsky.scheduler.bm.b(8): jobFinished: 12-1. TimeElapsed: 9ms
11-04 21:02:55.787 20130 20130 I Finsky  : [1] com.google.android.finsky.scheduler.ah.a(139): Job 12-1 finished
11-04 21:02:55.788 20130 20130 I Finsky  : [1] com.google.android.finsky.scheduler.ah.a(105): RunningQueue size: 0, PendingQueue size: 0
11-04 21:02:55.790 20130 20130 I Finsky  : [1] com.google.android.finsky.scheduler.am.handleMessage(42): Executor finished
11-04 21:02:55.798  2729  2729 D PowerManagerNotifier: onWakeLockReleased: flags=1, tag="*job*/com.android.vending/com.google.android.finsky.scheduler.JobSchedulerEngine$PhoneskyJobSchedulerJobService", packageName=android, ownerUid=1000, ownerPid=2729, workSource=WorkSource{10021}
11-04 21:02:55.799  2729  2729 V aeonHandleSetAlarm: aeonHandleService isScreenOn=true, return
11-04 21:02:55.800  2729  2729 V AlarmManager: APP set with listener(*job.delay*) : type=2 triggerAtTime=168367748 win=-1 tElapsed=168367748 maxElapsed=168454742 interval=0 flags=0x0
11-04 21:02:55.800  2729  2729 D AlarmManager: remove(operation) changed bounds; rebatching operation = null
11-04 21:02:55.801  2729  2729 V aeonHandleSetAlarm: aeonHandleService isScreenOn=true, return
11-04 21:02:55.801  2729  2729 V AlarmManager: APP set with listener(*job.deadline*) : type=2 triggerAtTime=168367748 win=-1 tElapsed=168367748 maxElapsed=168454741 interval=0 flags=0x0
11-04 21:02:55.801  2729  2729 D AlarmManager: remove(operation) changed bounds; rebatching operation = null
11-04 21:02:55.801 20130 20130 V ActivityThread: SVC-Destroying service com.google.android.finsky.scheduler.JobSchedulerEngine$PhoneskyJobSchedulerJobService@e05a984
11-04 21:02:55.803   314   314 I wmt_launcher: fw log ctrl flag has been set
11-04 21:02:55.803   314   314 I wmt_launcher: fw dynamic ctrl flag has been set
11-04 21:02:55.808  2729 24252 D IpReachabilityMonitor: RtNetlinkNeighborMessage{ nlmsghdr{StructNlMsgHdr{ nlmsg_len{76}, nlmsg_type{28(RTM_NEWNEIGH)}, nlmsg_flags{0())}, nlmsg_seq{0}, nlmsg_pid{0} }}, ndmsg{StructNdMsg{ family{AF_INET}, ifindex{35}, state{4 (NUD_STALE)}, flags{0 ()}, type{1} }}, destination{192.168.1.1} linklayeraddr{AC9E17AB3470} probes{1} cacheinfo{NdaCacheInfo{ ndm_used{9430}, ndm_confirmed{15880}, ndm_updated{0}, ndm_refcnt{1} }} }
11-04 21:02:55.810 20130 20130 I Finsky  : [1] com.google.android.finsky.scheduler.bp.a(81): Jobs in database: 1-1337 26-1414141414 
11-04 21:02:55.814 20130 20130 I Finsky  : [1] com.google.android.finsky.scheduler.l.a(70): ConstraintMapping: 1-1337,  -> L: 32640216ms, D: 119040216ms, C: false, I: false, N: 1
11-04 21:02:55.817 20130 20130 I Finsky  : [1] com.google.android.finsky.scheduler.l.a(70): ConstraintMapping: 26-1414141414,  -> L: 7119758ms, D: 8019758ms, C: false, I: false, N: 0
11-04 21:02:55.819 20130 20130 I Finsky  : [1] com.google.android.finsky.scheduler.JobSchedulerEngine.a(108): Cancelling existing job with id: 9003
11-04 21:02:55.819  2729  3856 V aeonHandleSetAlarm: aeonHandleService isScreenOn=true, return
11-04 21:02:55.819  2729  3856 V AlarmManager: APP set with listener(*job.delay*) : type=2 triggerAtTime=168367748 win=-1 tElapsed=168367748 maxElapsed=168454727 interval=0 flags=0x0
11-04 21:02:55.820  2729  3856 D AlarmManager: remove(operation) changed bounds; rebatching operation = null
11-04 21:02:55.821  2729  3856 V aeonHandleSetAlarm: aeonHandleService isScreenOn=true, return
11-04 21:02:55.821  2729  3856 V AlarmManager: APP set with listener(*job.deadline*) : type=2 triggerAtTime=168367748 win=-1 tElapsed=168367748 maxElapsed=168454726 interval=0 flags=0x0
11-04 21:02:55.821  2729  3856 D AlarmManager: remove(operation) changed bounds; rebatching operation = null
11-04 21:02:55.823 20130 20130 I Finsky  : [1] com.google.android.finsky.scheduler.JobSchedulerEngine.a(47): Scheduling job Id: 9001, L: 32640216, D: 119040216, C: false, I: false, N: 1
11-04 21:02:55.826 20130 20130 I Finsky  : [1] com.google.android.finsky.scheduler.JobSchedulerEngine.a(47): Scheduling job Id: 9002, L: 7119758, D: 8019758, C: false, I: false, N: 0
11-04 21:02:55.858  2241  2241 I thermal_repeater: select timeout
11-04 21:02:55.866  1992  1996 I PerfService: PerfServiceNative_getLastBoostPid err:-129
11-04 21:02:55.869  2234  2385 D AALLightSensor: newLux = 145, [144, 142] -> 144
11-04 21:02:55.946  2413 24264 I MAL-RDS :  (rum_ws_listener_timeout_,  426) [RDS-I][RDS][RUM][rum_ws_listener_timeout_hndler] rum_check_ctx_ptr<0xe7996018, 0xe7996018>, Send Event: 9909
11-04 21:02:55.947  2413 24264 I MAL-RDS :  (   rum_send_event_entity,   81) [RDS-I][RDS][RUM][rum_send_event_entity] send event 9909 to 914
11-04 21:02:55.947  2413  2505 I MAL-RDS :  (rds_rum_rum_wsl_timer_ti, 1072) [RDS-I][RUM][rds_rum_rum_wsl_timer_timeout_req][RDS] rds_rum_rum_wsl_timer_timeout_req: prcontext->i4wifi_rssi = -73, prcontext->i4wifi_snr = 9999
11-04 21:02:55.952  2413  2505 I MAL-RDS :  (  rum_update_wifi_status, 1055) [RDS-I][RUM][rum_update_wifi_status][RDS] get rssi<-73> snr<9999> plr<0>
11-04 21:02:55.953  2413  2505 I MAL-RDS :  (   rum_send_event_entity,   81) [RDS-I][RDS][RUM][rum_send_event_entity] send event 9005 to 906
11-04 21:02:55.953  2413  2505 I MAL-RDS :  (   rum_send_event_entity,   81) [RDS-I][RDS][RUM][rum_send_event_entity] send event 9005 to 907
11-04 21:02:55.957  2413  2505 I MAL-RDS :  (         rum_get_netstat,  975) [RDS-I][RUM][rum_get_netstat] netstat <thrghpt, pkterrt>, wifi <276, 0%>, mobile <0, 0%>
11-04 21:02:55.957  2413  2505 I MAL-RDS :  (   rum_send_event_entity,   81) [RDS-I][RDS][RUM][rum_send_event_entity] send event 9706 to 906
11-04 21:02:55.957  2413  2505 I MAL-RDS :  (   rum_send_event_entity,   81) [RDS-I][RDS][RUM][rum_send_event_entity] send event 9706 to 907
11-04 21:02:55.958  2413  2511 I MAL-RDS :  (  rds_ru_wifi_status_ind, 1864) [RDS-I][RU][EVENT_RUM_RU_WIFI_STATUS_REQ] fgwifi_en:1(no use) i4wifirssi:0xffffffb7 i4wifisnr:0x270f sim_id:0
11-04 21:02:55.958  2413  2511 I MAL-RDS :  (          rds_ru_rpl_gen, 7712) [RDS-I][RU][rds_ru_rpl_gen][RDS][OP0] TYPE : <0>, UI Policy : <3>, RDS Policy : <3>
11-04 21:02:55.959  2413  2511 I MAL-RDS :  (          rds_ru_rpl_gen, 7712) [RDS-I][RU][rds_ru_rpl_gen][RDS][OP0] TYPE : <1>, UI Policy : <3>, RDS Policy : <3>
11-04 21:02:55.959  2413  2511 I MAL-RDS :  (          rds_ru_rpl_gen, 7712) [RDS-I][RU][rds_ru_rpl_gen][RDS][OP0] TYPE : <2>, UI Policy : <3>, RDS Policy : <3>
11-04 21:02:55.959  2413  2511 I MAL-RDS :  (          rds_ru_rpl_gen, 7712) [RDS-I][RU][rds_ru_rpl_gen][RDS][OP0] TYPE : <3>, UI Policy : <3>, RDS Policy : <3>
11-04 21:02:55.959  2413  2511 I MAL-RDS :  (          rds_ru_rpl_gen, 7712) [RDS-I][RU][rds_ru_rpl_gen][RDS][OP0] TYPE : <4>, UI Policy : <3>, RDS Policy : <3>
11-04 21:02:55.959  2413  2511 I MAL-RDS :  (          rds_ru_rpl_gen, 7712) [RDS-I][RU][rds_ru_rpl_gen][RDS][OP0] TYPE : <5>, UI Policy : <3>, RDS Policy : <3>
11-04 21:02:55.960  2413  2511 I MAL-RDS :  (  rds_ru_ims_vops_update, 7401) [RDS-I][RU][rds_ru_ims_vops_update][RDS IMS]IMS VOPS IE is Disabled(opid<0>) Update to RPL<0>:(254,254), <1>:(254,254), <2>:(254,254)
11-04 21:02:55.961  2413  2511 I MAL-RDS :  (          rds_ru_rpl_gen, 7765) [RDS-I][RU][rds_ru_rpl_gen][RDS] Current policy: fgimsolte_en<1>, fgwfc_en<0>, erdspolicy<3>,||Threshold i4wifirssih<-75>, i4wifirssil<-85>, i4wifirssih_ho<-78>, i4wifirssil_ho<-88>, i4wifisnrh<10>, i4wifisnrl<6>||Threshold i4ltersrph<-106>, i4ltersrpm<-111>, i4ltersrpl<-116>, i4ltersrqh<5>, i4ltersrqm<3>, i4ltersrql<1>||Threshold i43grscph<-85>, i43grscpl<-105>, i42grssih<-83>, i42grssil<-103>, i4lterssnrl<-3>, i43gecnol<-15>||current rds ru status: i4wifirssi<-73>, i4wifisnr<9999>, i4ltersrp<-141>, i4ltersrq<0>, u4active_ran<1>, i4lterssnr<-50>, i43grscp<-141>, i43gecno<-24>, i42grssi<-141>, u4sig_reg_status<0>||current wifi backhaul : rtp_plr<0>, rtp_jitter<0>, ping_ind<0>, ltecsr_ind<0>, ||pcscf acc stat : volte<1>, wfc<1> || wifi acc_ctrl:<0>, || current MD stat : MD1 roam <0>, ||Call stat : IR92<0>, IR94<0>, SMS over IP<0>, IPME<0>, sim<0>
11-04 21:02:55.961  2413  2511 I MAL-RDS :  (          rds_ru_rpl_gen, 7782) [RDS-I][RU][RDS IMS/MMS][rds_ru_rpl_gen][OP-0] Ori:(254,254)/(255,255) New:(254,254)/(255,255)||[RU][RDS IMS/MMS WIFI]Ori:(254,254)/(255,255) New:(254,254)/(255,255)||[RU][RDS IMS/MMS CELL]Ori:(254,254)/(255,255) New:(254,254)/(255,255) , sim<0>
11-04 21:02:55.961  2413  2517 I MAL-RDS :  (  rds_ru_wifi_status_ind, 1864) [RDS-I][RU][EVENT_RUM_RU_WIFI_STATUS_REQ] fgwifi_en:1(no use) i4wifirssi:0xffffffb7 i4wifisnr:0x270f sim_id:1
11-04 21:02:55.962  2413  2517 I MAL-RDS :  (          rds_ru_rpl_gen, 7712) [RDS-I][RU][rds_ru_rpl_gen][RDS][OP0] TYPE : <0>, UI Policy : <3>, RDS Policy : <3>
11-04 21:02:55.962  2413  2517 I MAL-RDS :  (          rds_ru_rpl_gen, 7712) [RDS-I][RU][rds_ru_rpl_gen][RDS][OP0] TYPE : <1>, UI Policy : <3>, RDS Policy : <3>
11-04 21:02:55.962  2413  2517 I MAL-RDS :  (          rds_ru_rpl_gen, 7712) [RDS-I][RU][rds_ru_rpl_gen][RDS][OP0] TYPE : <2>, UI Policy : <3>, RDS Policy : <3>
11-04 21:02:55.963  2413  2517 I MAL-RDS :  (          rds_ru_rpl_gen, 7712) [RDS-I][RU][rds_ru_rpl_gen][RDS][OP0] TYPE : <3>, UI Policy : <3>, RDS Policy : <3>
11-04 21:02:55.963  2413  2517 I MAL-RDS :  (          rds_ru_rpl_gen, 7712) [RDS-I][RU][rds_ru_rpl_gen][RDS][OP0] TYPE : <4>, UI Policy : <3>, RDS Policy : <3>
11-04 21:02:55.963  2413  2517 I MAL-RDS :  (          rds_ru_rpl_gen, 7712) [RDS-I][RU][rds_ru_rpl_gen][RDS][OP0] TYPE : <5>, UI Policy : <3>, RDS Policy : <3>
11-04 21:02:55.963  2413  2517 I MAL-RDS :  (  rds_ru_ims_vops_update, 7401) [RDS-I][RU][rds_ru_ims_vops_update][RDS IMS]IMS VOPS IE is Disabled(opid<0>) Update to RPL<0>:(254,254), <1>:(254,254), <2>:(254,254)
11-04 21:02:55.964  2413  2517 I MAL-RDS :  (          rds_ru_rpl_gen, 7765) [RDS-I][RU][rds_ru_rpl_gen][RDS] Current policy: fgimsolte_en<1>, fgwfc_en<0>, erdspolicy<3>,||Threshold i4wifirssih<-75>, i4wifirssil<-85>, i4wifirssih_ho<-78>, i4wifirssil_ho<-88>, i4wifisnrh<10>, i4wifisnrl<6>||Threshold i4ltersrph<-106>, i4ltersrpm<-111>, i4ltersrpl<-116>, i4ltersrqh<5>, i4ltersrqm<3>, i4ltersrql<1>||Threshold i43grscph<-85>, i43grscpl<-105>, i42grssih<-83>, i42grssil<-103>, i4lterssnrl<-3>, i43gecnol<-15>||current rds ru status: i4wifirssi<-73>, i4wifisnr<9999>, i4ltersrp<-71>, i4ltersrq<0>, u4active_ran<1>, i4lterssnr<-50>, i43grscp<-71>, i43gecno<-3>, i42grssi<-141>, u4sig_reg_status<2>||current wifi backhaul : rtp_plr<0>, rtp_jitter<0>, ping_ind<0>, ltecsr_ind<0>, ||pcscf acc stat : volte<1>, wfc<1> || wifi acc_ctrl:<0>, || current MD stat : MD1 roam <0>, ||Call stat : IR92<0>, IR94<0>, SMS over IP<0>, IPME<0>, sim<1>
11-04 21:02:55.965  2413  2517 I MAL-RDS :  (          rds_ru_rpl_gen, 7782) [RDS-I][RU][RDS IMS/MMS][rds_ru_rpl_gen][OP-0] Ori:(254,254)/(255,255) New:(254,254)/(255,255)||[RU][RDS IMS/MMS WIFI]Ori:(254,254)/(255,255) New:(254,254)/(255,255)||[RU][RDS IMS/MMS CELL]Ori:(254,254)/(255,255) New:(254,254)/(255,255) , sim<1>
11-04 21:02:55.965  2413  2517 W MAL-RDS :  (         ru_check_imsrat, 7652) [RDS-W][RU][ru_check_imsrat] MDmngr(1) or Epdgs(0) is not ready
11-04 21:02:56.142  3177  3177 D NetworkController.WifiSignalController: Change in state from: connected=true,enabled=true,level=2,inetCondition=1,iconGroup=IconGroup(Wi-Fi Icons),activityIn=false,activityOut=false,rssi=-77,lastModified=11-04 09:02:54,ssid="ASUS"
11-04 21:02:56.142  3177  3177 D NetworkController.WifiSignalController: 	to: connected=true,enabled=true,level=2,inetCondition=1,iconGroup=IconGroup(Wi-Fi Icons),activityIn=true,activityOut=false,rssi=-77,lastModified=11-04 09:02:54,ssid="ASUS"
11-04 21:02:56.176   324   500 I BufferQueueProducer: [StatusBar](this:0x7a58646000,id:22,api:1,p:3177,c:324) queueBuffer: fps=0.49 dur=2024.13 max=2024.13 min=2024.13
11-04 21:02:56.182   324   324 I DisplayDevice: [Built-in Screen (type:0)] fps:0.495250,dur:2019.18,max:2019.18,min:2019.18
11-04 21:02:56.237  4025  4025 V ActivityThread: SVC-Destroying service com.google.android.gms.icing.service.AppIndexingService@c7c169a
11-04 21:02:56.469  1992  1999 I PerfService: PerfServiceNative_getLastBoostPid err:-129
11-04 21:02:56.714  2729  2788 D AutomaticBrightnessController: updateAmbientLux: mAmbientLuxValid=true, AAL=true
11-04 21:02:56.715  2729  2788 D AutomaticBrightnessController: calculateAmbientLux: [-10000, 100]: lux=145.0, weight=5.1005E7
11-04 21:02:56.715  2729  2788 D AutomaticBrightnessController: calculateAmbientLux: totalWeight=5.1005E7, newAmbientLux=145.0
11-04 21:02:56.715  2729  2788 D AutomaticBrightnessController: updateAmbientLux: ambientLux=145.0, timeToBrighten=2500, timeToDarken=3000, current=145.0
11-04 21:02:56.715  2729  2788 D AutomaticBrightnessController: updateAmbientLux: Scheduling ambient lux update for 5320124553201245 (in 2498 ms)
11-04 21:02:56.862  2729  3892 D PowerManagerNotifier: onWakeLockAcquired: flags=1, tag="CastSocketMultiplexer_WakeLock", packageName=com.google.android.gms, ownerUid=10013, ownerPid=4025, workSource=WorkSource{10013 com.google.android.gms}
11-04 21:02:56.866  1992  1996 I PerfService: PerfServiceNative_getLastBoostPid err:-129
11-04 21:02:56.875  2729  2744 D PowerManagerNotifier: onWakeLockReleased: flags=1, tag="CastSocketMultiplexer_WakeLock", packageName=com.google.android.gms, ownerUid=10013, ownerPid=4025, workSource=WorkSource{10013 com.google.android.gms}
11-04 21:02:56.885  2729  3470 D PowerManagerNotifier: onWakeLockAcquired: flags=1, tag="CastDeviceController", packageName=com.google.android.gms, ownerUid=10013, ownerPid=4025, workSource=WorkSource{10013 com.google.android.gms}
11-04 21:02:56.891  2729  2751 D PowerManagerNotifier: onWakeLockReleased: flags=1, tag="CastDeviceController", packageName=com.google.android.gms, ownerUid=10013, ownerPid=4025, workSource=WorkSource{10013 com.google.android.gms}
11-04 21:02:56.894  2729 10182 D PowerManagerNotifier: onWakeLockAcquired: flags=1, tag="CastSocketMultiplexer_WakeLock", packageName=com.google.android.gms, ownerUid=10013, ownerPid=4025, workSource=WorkSource{10013 com.google.android.gms}
11-04 21:02:56.897  2729 28272 D PowerManagerNotifier: onWakeLockReleased: flags=1, tag="CastSocketMultiplexer_WakeLock", packageName=com.google.android.gms, ownerUid=10013, ownerPid=4025, workSource=WorkSource{10013 com.google.android.gms}
11-04 21:02:57.161  3177  3177 D NetworkController.WifiSignalController: Change in state from: connected=true,enabled=true,level=2,inetCondition=1,iconGroup=IconGroup(Wi-Fi Icons),activityIn=true,activityOut=false,rssi=-77,lastModified=11-04 09:02:56,ssid="ASUS"
11-04 21:02:57.161  3177  3177 D NetworkController.WifiSignalController: 	to: connected=true,enabled=true,level=2,inetCondition=1,iconGroup=IconGroup(Wi-Fi Icons),activityIn=true,activityOut=true,rssi=-77,lastModified=11-04 09:02:56,ssid="ASUS"
11-04 21:02:57.194   324   500 I BufferQueueProducer: [StatusBar](this:0x7a58646000,id:22,api:1,p:3177,c:324) queueBuffer: fps=0.98 dur=1018.04 max=1018.04 min=1018.04
11-04 21:02:57.200   324   324 I DisplayDevice: [Built-in Screen (type:0)] fps:0.982263,dur:1018.06,max:1018.06,min:1018.06
11-04 21:02:57.354  2729  3064 D WifiStateMachine:  ConnectedState !CMD_RSSI_POLL  rt=53199381/168253305 44 0 "ASUS" ac:9e:17:ab:34:78 rssi=-73 f=5805 sc=56 link=87 tx=4,4, 0,0, 0,0  rx=5,3 bcn=0 [on:0 tx:0 rx:0 period:3005] from screen [on:0 period:-499081911] gl hn rssi=-68 ag=0 ticks 1,10,16 ls-=0 [56,56,56,56,56] brc=0 lrc=0 offload-stopped
11-04 21:02:57.363  2729  3064 D WifiStateMachine:  L2ConnectedState !CMD_RSSI_POLL  rt=53199386/168253311 44 0 "ASUS" ac:9e:17:ab:34:78 rssi=-73 f=5805 sc=56 link=87 tx=4,4, 0,0, 0,0  rx=5,3 bcn=0 [on:0 tx:0 rx:0 period:8] from screen [on:0 period:-499081903] gl hn rssi=-68 ag=0 ticks 1,10,16 ls-=0 [56,56,56,56,56] brc=0 lrc=0 offload-stopped
11-04 21:02:57.363  2729  3064 D WifiStateMachine:  get link layer stats 0
11-04 21:02:57.365  2729  3064 D WifiHW  : enter -->wifi_send_command cmd=IFNAME=wlan0 SIGNAL_POLL
11-04 21:02:57.373  2729  3064 D WifiHW  : leave --> reply=RSSI=-73
11-04 21:02:57.373  2729  3064 D WifiHW  : LINKSPEED=87
11-04 21:02:57.373  2729  3064 D WifiHW  : NOISE=9999
11-04 21:02:57.373  2729  3064 D WifiHW  : FREQUENCY=5805
11-04 21:02:57.373  2729  3064 D WifiHW  : `Ap
11-04 21:02:57.374  2729  3064 D WifiStateMachine: fetchRssiLinkSpeedAndFrequencyNative rssi=-73 linkspeed=87 freq=5805
11-04 21:02:57.374  2729  3064 D WifiStateMachine: mLastSignalLevel:2, newSignalLevel:2
11-04 21:02:57.374  2729  3064 D WifiConfigManager: updateConfiguration freq=5805 BSSID=ac:9e:17:ab:34:78 RSSI=-73 "ASUS"WPA_PSK
11-04 21:02:57.377  2729  3064 D WifiStateMachine: calculateWifiScore freq=5805 speed=87 score=56 -> txbadrate=0,00 txgoodrate=3,19 txretriesrate=0,00 rxrate=4,14 userTriggerdPenalty0
11-04 21:02:57.378  2729  3064 D WifiStateMachine:  good link -> stuck count =0
11-04 21:02:57.383  2729  3064 D WifiStateMachine:  badRSSI count0 lowRSSI count0 --> score 56
11-04 21:02:57.804   314   314 I wmt_launcher: fw log ctrl flag has been set
11-04 21:02:57.804   314   314 I wmt_launcher: fw dynamic ctrl flag has been set
11-04 21:02:57.862 20130 20157 I Finsky  : [505] com.google.android.finsky.bp.am.run(6): Stats for Executor: NotificationAssistDatabaseManager com.google.android.finsky.bp.an@9f7378d[Running, pool size = 0, active threads = 0, queued tasks = 0, completed tasks = 2]
11-04 21:02:57.867  1992  1996 I PerfService: PerfServiceNative_getLastBoostPid err:-129
11-04 21:02:58.166  3177  3177 D NetworkController.WifiSignalController: Change in state from: connected=true,enabled=true,level=2,inetCondition=1,iconGroup=IconGroup(Wi-Fi Icons),activityIn=true,activityOut=true,rssi=-77,lastModified=11-04 09:02:57,ssid="ASUS"
11-04 21:02:58.166  3177  3177 D NetworkController.WifiSignalController: 	to: connected=true,enabled=true,level=2,inetCondition=1,iconGroup=IconGroup(Wi-Fi Icons),activityIn=true,activityOut=false,rssi=-77,lastModified=11-04 09:02:57,ssid="ASUS"
11-04 21:02:58.180  2413  2474 I MAL-Daemon:  (      mfi_task_bootstrap,  400) mfi_task_bootstrap(): an event EVENT_ATMNGR_URC(18) incoming from FD 32!!
11-04 21:02:58.182  2413  2517 I MAL-RDS :  (         rds_ru_urc_hdlr, 2406) [RDS-I][RDS][rds_ru_urc_hdlr] get URC data: +ECSQ: 52,38,1,-275,-22,1,1,2,32767,-1
11-04 21:02:58.182  2413  2517 I MAL-RDS :  (  rds_ru_3gpp_status_ind, 1920) [RDS-I][RU][EVENT_RU_DM_3GPP_STATUS_IND] i4ltersrp:-69, i4ltersrq:40, i4lterssnr:32767, i43grscp:-69, i43gecno:-5, i42grssi:0, u43gpp_status:0x8, sim_id:1
11-04 21:02:58.182  2413  2517 E MAL-RDS :  (  rds_ru_3gpp_status_ind, 1965) [RDS-E][RU][EVENT_RU_DM_3GPP_STATUS_IND] Invalid u43gpp_status:0x8 sim:1
11-04 21:02:58.182  2413  2517 W MAL-RDS :  (  ru_ims_ctrl_send_atcmd, 1479) [RDS-W][RU][ru_ims_ctrl_send_atcmd] MDmngr(1) or Epdgs(0) is not ready
11-04 21:02:58.183  2413  2517 I MAL-RDS :  (          rds_ru_rpl_gen, 7712) [RDS-I][RU][rds_ru_rpl_gen][RDS][OP0] TYPE : <0>, UI Policy : <3>, RDS Policy : <3>
11-04 21:02:58.183  2413  2517 I MAL-RDS :  (          rds_ru_rpl_gen, 7712) [RDS-I][RU][rds_ru_rpl_gen][RDS][OP0] TYPE : <1>, UI Policy : <3>, RDS Policy : <3>
11-04 21:02:58.185  2413  2517 I MAL-RDS :  (          rds_ru_rpl_gen, 7712) [RDS-I][RU][rds_ru_rpl_gen][RDS][OP0] TYPE : <2>, UI Policy : <3>, RDS Policy : <3>
11-04 21:02:58.185  2413  2517 I MAL-RDS :  (          rds_ru_rpl_gen, 7712) [RDS-I][RU][rds_ru_rpl_gen][RDS][OP0] TYPE : <3>, UI Policy : <3>, RDS Policy : <3>
11-04 21:02:58.185  2413  2517 I MAL-RDS :  (          rds_ru_rpl_gen, 7712) [RDS-I][RU][rds_ru_rpl_gen][RDS][OP0] TYPE : <4>, UI Policy : <3>, RDS Policy : <3>
11-04 21:02:58.185  2413  2517 I MAL-RDS :  (          rds_ru_rpl_gen, 7712) [RDS-I][RU][rds_ru_rpl_gen][RDS][OP0] TYPE : <5>, UI Policy : <3>, RDS Policy : <3>
11-04 21:02:58.186  2413  2517 I MAL-RDS :  (  rds_ru_ims_vops_update, 7401) [RDS-I][RU][rds_ru_ims_vops_update][RDS IMS]IMS VOPS IE is Disabled(opid<0>) Update to RPL<0>:(254,254), <1>:(254,254), <2>:(254,254)
11-04 21:02:58.199  2729  3873 V gxl     : aeonfilterBroadcast isScreenOn=true, return
11-04 21:02:58.202  2413  2517 I MAL-RDS :  (          rds_ru_rpl_gen, 7765) [RDS-I][RU][rds_ru_rpl_gen][RDS] Current policy: fgimsolte_en<1>, fgwfc_en<0>, erdspolicy<3>,||Threshold i4wifirssih<-75>, i4wifirssil<-85>, i4wifirssih_ho<-78>, i4wifirssil_ho<-88>, i4wifisnrh<10>, i4wifisnrl<6>||Threshold i4ltersrph<-106>, i4ltersrpm<-111>, i4ltersrpl<-116>, i4ltersrqh<5>, i4ltersrqm<3>, i4ltersrql<1>||Threshold i43grscph<-85>, i43grscpl<-105>, i42grssih<-83>, i42grssil<-103>, i4lterssnrl<-3>, i43gecnol<-15>||current rds ru status: i4wifirssi<-73>, i4wifisnr<9999>, i4ltersrp<-69>, i4ltersrq<0>, u4active_ran<1>, i4lterssnr<-50>, i43grscp<-69>, i43gecno<-5>, i42grssi<-141>, u4sig_reg_status<2>||current wifi backhaul : rtp_plr<0>, rtp_jitter<0>, ping_ind<0>, ltecsr_ind<0>, ||pcscf acc stat : volte<1>, wfc<1> || wifi acc_ctrl:<0>, || current MD stat : MD1 roam <0>, ||Call stat : IR92<0>, IR94<0>, SMS over IP<0>, IPME<0>, sim<1>
11-04 21:02:58.202  2413  2517 I MAL-RDS :  (          rds_ru_rpl_gen, 7782) [RDS-I][RU][RDS IMS/MMS][rds_ru_rpl_gen][OP-0] Ori:(254,254)/(255,255) New:(254,254)/(255,255)||[RU][RDS IMS/MMS WIFI]Ori:(254,254)/(255,255) New:(254,254)/(255,255)||[RU][RDS IMS/MMS CELL]Ori:(254,254)/(255,255) New:(254,254)/(255,255) , sim<1>
11-04 21:02:58.202  2413  2517 W MAL-RDS :  (         ru_check_imsrat, 7652) [RDS-W][RU][ru_check_imsrat] MDmngr(1) or Epdgs(0) is not ready
11-04 21:02:58.210   324   500 I BufferQueueProducer: [StatusBar](this:0x7a58646000,id:22,api:1,p:3177,c:324) queueBuffer: fps=0.98 dur=1016.47 max=1016.47 min=1016.47
11-04 21:02:58.216   324   324 I DisplayDevice: [Built-in Screen (type:0)] fps:0.983717,dur:1016.55,max:1016.55,min:1016.55
11-04 21:02:58.344 20130 20157 I Finsky  : [505] com.google.android.finsky.bp.am.run(6): Stats for Executor: Db-scheduled_acquisitions.db com.google.android.finsky.bp.an@53dcd42[Running, pool size = 0, active threads = 0, queued tasks = 0, completed tasks = 0]
11-04 21:02:58.352  2729  2780 D BluetoothManagerService: Message: 401
11-04 21:02:58.352  2729  2780 V gxl     : aeonHandleService isScreenOn=true, return
11-04 21:02:58.471  1992  1999 I PerfService: PerfServiceNative_getLastBoostPid err:-129
11-04 21:02:58.868  1992  1996 I PerfService: PerfServiceNative_getLastBoostPid err:-129
11-04 21:02:58.946  2413 24264 I MAL-RDS :  (rum_ws_listener_timeout_,  426) [RDS-I][RDS][RUM][rum_ws_listener_timeout_hndler] rum_check_ctx_ptr<0xe7996018, 0xe7996018>, Send Event: 9909
11-04 21:02:58.947  2413 24264 I MAL-RDS :  (   rum_send_event_entity,   81) [RDS-I][RDS][RUM][rum_send_event_entity] send event 9909 to 914
11-04 21:02:58.947  2413  2505 I MAL-RDS :  (rds_rum_rum_wsl_timer_ti, 1072) [RDS-I][RUM][rds_rum_rum_wsl_timer_timeout_req][RDS] rds_rum_rum_wsl_timer_timeout_req: prcontext->i4wifi_rssi = -73, prcontext->i4wifi_snr = 9999
11-04 21:02:58.954  2413  2505 I MAL-RDS :  (  rum_update_wifi_status, 1055) [RDS-I][RUM][rum_update_wifi_status][RDS] get rssi<-73> snr<9999> plr<0>
11-04 21:02:58.954  2413  2505 I MAL-RDS :  (   rum_send_event_entity,   81) [RDS-I][RDS][RUM][rum_send_event_entity] send event 9005 to 906
11-04 21:02:58.955  2413  2505 I MAL-RDS :  (   rum_send_event_entity,   81) [RDS-I][RDS][RUM][rum_send_event_entity] send event 9005 to 907
11-04 21:02:58.958  2413  2511 I MAL-RDS :  (  rds_ru_wifi_status_ind, 1864) [RDS-I][RU][EVENT_RUM_RU_WIFI_STATUS_REQ] fgwifi_en:1(no use) i4wifirssi:0xffffffb7 i4wifisnr:0x270f sim_id:0
11-04 21:02:58.959  2413  2511 I MAL-RDS :  (          rds_ru_rpl_gen, 7712) [RDS-I][RU][rds_ru_rpl_gen][RDS][OP0] TYPE : <0>, UI Policy : <3>, RDS Policy : <3>
11-04 21:02:58.959  2413  2511 I MAL-RDS :  (          rds_ru_rpl_gen, 7712) [RDS-I][RU][rds_ru_rpl_gen][RDS][OP0] TYPE : <1>, UI Policy : <3>, RDS Policy : <3>
11-04 21:02:58.959  2413  2511 I MAL-RDS :  (          rds_ru_rpl_gen, 7712) [RDS-I][RU][rds_ru_rpl_gen][RDS][OP0] TYPE : <2>, UI Policy : <3>, RDS Policy : <3>
11-04 21:02:58.960  2413  2511 I MAL-RDS :  (          rds_ru_rpl_gen, 7712) [RDS-I][RU][rds_ru_rpl_gen][RDS][OP0] TYPE : <3>, UI Policy : <3>, RDS Policy : <3>
11-04 21:02:58.960  2413  2511 I MAL-RDS :  (          rds_ru_rpl_gen, 7712) [RDS-I][RU][rds_ru_rpl_gen][RDS][OP0] TYPE : <4>, UI Policy : <3>, RDS Policy : <3>
11-04 21:02:58.960  2413  2511 I MAL-RDS :  (          rds_ru_rpl_gen, 7712) [RDS-I][RU][rds_ru_rpl_gen][RDS][OP0] TYPE : <5>, UI Policy : <3>, RDS Policy : <3>
11-04 21:02:58.960  2413  2511 I MAL-RDS :  (  rds_ru_ims_vops_update, 7401) [RDS-I][RU][rds_ru_ims_vops_update][RDS IMS]IMS VOPS IE is Disabled(opid<0>) Update to RPL<0>:(254,254), <1>:(254,254), <2>:(254,254)
11-04 21:02:58.961  2413  2511 I MAL-RDS :  (          rds_ru_rpl_gen, 7765) [RDS-I][RU][rds_ru_rpl_gen][RDS] Current policy: fgimsolte_en<1>, fgwfc_en<0>, erdspolicy<3>,||Threshold i4wifirssih<-75>, i4wifirssil<-85>, i4wifirssih_ho<-78>, i4wifirssil_ho<-88>, i4wifisnrh<10>, i4wifisnrl<6>||Threshold i4ltersrph<-106>, i4ltersrpm<-111>, i4ltersrpl<-116>, i4ltersrqh<5>, i4ltersrqm<3>, i4ltersrql<1>||Threshold i43grscph<-85>, i43grscpl<-105>, i42grssih<-83>, i42grssil<-103>, i4lterssnrl<-3>, i43gecnol<-15>||current rds ru status: i4wifirssi<-73>, i4wifisnr<9999>, i4ltersrp<-141>, i4ltersrq<0>, u4active_ran<1>, i4lterssnr<-50>, i43grscp<-141>, i43gecno<-24>, i42grssi<-141>, u4sig_reg_status<0>||current wifi backhaul : rtp_plr<0>, rtp_jitter<0>, ping_ind<0>, ltecsr_ind<0>, ||pcscf acc stat : volte<1>, wfc<1> || wifi acc_ctrl:<0>, || current MD stat : MD1 roam <0>, ||Call stat : IR92<0>, IR94<0>, SMS over IP<0>, IPME<0>, sim<0>
11-04 21:02:58.962  2413  2511 I MAL-RDS :  (          rds_ru_rpl_gen, 7782) [RDS-I][RU][RDS IMS/MMS][rds_ru_rpl_gen][OP-0] Ori:(254,254)/(255,255) New:(254,254)/(255,255)||[RU][RDS IMS/MMS WIFI]Ori:(254,254)/(255,255) New:(254,254)/(255,255)||[RU][RDS IMS/MMS CELL]Ori:(254,254)/(255,255) New:(254,254)/(255,255) , sim<0>
11-04 21:02:58.962  2413  2517 I MAL-RDS :  (  rds_ru_wifi_status_ind, 1864) [RDS-I][RU][EVENT_RUM_RU_WIFI_STATUS_REQ] fgwifi_en:1(no use) i4wifirssi:0xffffffb7 i4wifisnr:0x270f sim_id:1
11-04 21:02:58.963  2413  2517 I MAL-RDS :  (          rds_ru_rpl_gen, 7712) [RDS-I][RU][rds_ru_rpl_gen][RDS][OP0] TYPE : <0>, UI Policy : <3>, RDS Policy : <3>
11-04 21:02:58.963  2413  2517 I MAL-RDS :  (          rds_ru_rpl_gen, 7712) [RDS-I][RU][rds_ru_rpl_gen][RDS][OP0] TYPE : <1>, UI Policy : <3>, RDS Policy : <3>
11-04 21:02:58.963  2413  2517 I MAL-RDS :  (          rds_ru_rpl_gen, 7712) [RDS-I][RU][rds_ru_rpl_gen][RDS][OP0] TYPE : <2>, UI Policy : <3>, RDS Policy : <3>
11-04 21:02:58.963  2413  2517 I MAL-RDS :  (          rds_ru_rpl_gen, 7712) [RDS-I][RU][rds_ru_rpl_gen][RDS][OP0] TYPE : <3>, UI Policy : <3>, RDS Policy : <3>
11-04 21:02:58.963  2413  2517 I MAL-RDS :  (          rds_ru_rpl_gen, 7712) [RDS-I][RU][rds_ru_rpl_gen][RDS][OP0] TYPE : <4>, UI Policy : <3>, RDS Policy : <3>
11-04 21:02:58.963  2413  2517 I MAL-RDS :  (          rds_ru_rpl_gen, 7712) [RDS-I][RU][rds_ru_rpl_gen][RDS][OP0] TYPE : <5>, UI Policy : <3>, RDS Policy : <3>
11-04 21:02:58.964  2413  2517 I MAL-RDS :  (  rds_ru_ims_vops_update, 7401) [RDS-I][RU][rds_ru_ims_vops_update][RDS IMS]IMS VOPS IE is Disabled(opid<0>) Update to RPL<0>:(254,254), <1>:(254,254), <2>:(254,254)
11-04 21:02:58.980  2413  2517 I MAL-RDS :  (          rds_ru_rpl_gen, 7765) [RDS-I][RU][rds_ru_rpl_gen][RDS] Current policy: fgimsolte_en<1>, fgwfc_en<0>, erdspolicy<3>,||Threshold i4wifirssih<-75>, i4wifirssil<-85>, i4wifirssih_ho<-78>, i4wifirssil_ho<-88>, i4wifisnrh<10>, i4wifisnrl<6>||Threshold i4ltersrph<-106>, i4ltersrpm<-111>, i4ltersrpl<-116>, i4ltersrqh<5>, i4ltersrqm<3>, i4ltersrql<1>||Threshold i43grscph<-85>, i43grscpl<-105>, i42grssih<-83>, i42grssil<-103>, i4lterssnrl<-3>, i43gecnol<-15>||current rds ru status: i4wifirssi<-73>, i4wifisnr<9999>, i4ltersrp<-69>, i4ltersrq<0>, u4active_ran<1>, i4lterssnr<-50>, i43grscp<-69>, i43gecno<-5>, i42grssi<-141>, u4sig_reg_status<2>||current wifi backhaul : rtp_plr<0>, rtp_jitter<0>, ping_ind<0>, ltecsr_ind<0>, ||pcscf acc stat : volte<1>, wfc<1> || wifi acc_ctrl:<0>, || current MD stat : MD1 roam <0>, ||Call stat : IR92<0>, IR94<0>, SMS over IP<0>, IPME<0>, sim<1>
11-04 21:02:58.980  2413  2517 I MAL-RDS :  (          rds_ru_rpl_gen, 7782) [RDS-I][RU][RDS IMS/MMS][rds_ru_rpl_gen][OP-0] Ori:(254,254)/(255,255) New:(254,254)/(255,255)||[RU][RDS IMS/MMS WIFI]Ori:(254,254)/(255,255) New:(254,254)/(255,255)||[RU][RDS IMS/MMS CELL]Ori:(254,254)/(255,255) New:(254,254)/(255,255) , sim<1>
11-04 21:02:58.980  2413  2517 W MAL-RDS :  (         ru_check_imsrat, 7652) [RDS-W][RU][ru_check_imsrat] MDmngr(1) or Epdgs(0) is not ready
11-04 21:02:58.983  2413  2505 I MAL-RDS :  (         rum_get_netstat,  975) [RDS-I][RUM][rum_get_netstat] netstat <thrghpt, pkterrt>, wifi <520, 0%>, mobile <0, 0%>
11-04 21:02:58.983  2413  2505 I MAL-RDS :  (   rum_send_event_entity,   81) [RDS-I][RDS][RUM][rum_send_event_entity] send event 9706 to 906
11-04 21:02:58.984  2413  2505 I MAL-RDS :  (   rum_send_event_entity,   81) [RDS-I][RDS][RUM][rum_send_event_entity] send event 9706 to 907
11-04 21:02:59.210  3177  3177 D NetworkController.WifiSignalController: Change in state from: connected=true,enabled=true,level=2,inetCondition=1,iconGroup=IconGroup(Wi-Fi Icons),activityIn=true,activityOut=false,rssi=-77,lastModified=11-04 09:02:58,ssid="ASUS"
11-04 21:02:59.210  3177  3177 D NetworkController.WifiSignalController: 	to: connected=true,enabled=true,level=2,inetCondition=1,iconGroup=IconGroup(Wi-Fi Icons),activityIn=false,activityOut=false,rssi=-77,lastModified=11-04 09:02:58,ssid="ASUS"
11-04 21:02:59.216  2729  2788 D AutomaticBrightnessController: updateAmbientLux: mAmbientLuxValid=true, AAL=true
11-04 21:02:59.216  2729  2788 D AutomaticBrightnessController: calculateAmbientLux: [-10000, 100]: lux=145.0, weight=5.1005E7
11-04 21:02:59.216  2729  2788 D AutomaticBrightnessController: calculateAmbientLux: totalWeight=5.1005E7, newAmbientLux=145.0
11-04 21:02:59.216  2729  2788 D AutomaticBrightnessController: updateAmbientLux: ambientLux=145.0, timeToBrighten=2500, timeToDarken=3000, current=145.0
11-04 21:02:59.216  2729  2788 D AutomaticBrightnessController: updateAmbientLux: Scheduling ambient lux update for 5320374753203747 (in 2499 ms)
11-04 21:02:59.240   324   500 I BufferQueueProducer: [StatusBar](this:0x7a58646000,id:22,api:1,p:3177,c:324) queueBuffer: fps=0.97 dur=1029.95 max=1029.95 min=1029.95
11-04 21:02:59.249   324   324 I DisplayDevice: [Built-in Screen (type:0)] fps:0.968275,dur:1032.76,max:1032.76,min:1032.76
11-04 21:02:59.333  2248  2248 D wifi2agps: scan result, found 19 APs
11-04 21:02:59.333  2248  2248 D agps    : [WIFI2AGPS] wifi2agps_scanned
11-04 21:02:59.335  2237  2328 D agps    : [agps][n][WIFI] wifi_scanned  count=353 timestamp=168255291 num=19
11-04 21:02:59.344  2729  3138 D WifiHW  : [1] get event: IFNAME=wlan0 <3>CTRL-EVENT-SCAN-RESULTS 
11-04 21:02:59.345  2729  3138 D WifiHW  : [2] get event: IFNAME=wlan0 CTRL-EVENT-SCAN-RESULTS 
11-04 21:02:59.347  2729  3138 D WifiMonitor: Dispatching event to interface: wlan0
11-04 21:02:59.351  2261  2959 I Netd    : Get netlink event, ifname: wlan0 action: 4
11-04 21:02:59.352  2261  2959 D SocketClient: SocketClient sendData done: 600 Iface linkstate wlan0 up
11-04 21:02:59.352  2729  3059 D NetdConnector: RCV <- {600 Iface linkstate wlan0 up}
11-04 21:02:59.356  2729  2778 D NetworkManagement: onEvent:600 Iface linkstate wlan0 up:5
11-04 21:02:59.356  2729  2778 D Tethering: interfaceLinkStateChanged wlan0, true
11-04 21:02:59.356  2729  2778 D Tethering: interfaceStatusChanged wlan0, true
11-04 21:02:59.361  2729  3066 D AlarmManager: manual remove option = null
11-04 21:02:59.361  2729  3066 D AlarmManager: remove(operation) changed bounds; rebatching operation = null
11-04 21:02:59.362  2729  3066 D AlarmManager: set alarm to RTC 168367748
11-04 21:02:59.362  2729  3066 D SupplicantWifiScannerImpl: Polling scan data for scan: 0
11-04 21:02:59.362  2729  3066 D WifiHW  : enter -->wifi_send_command cmd=IFNAME=wlan0 BSS RANGE=0- MASK=0x29d87
11-04 21:02:59.364  2729  3064 D WifiStateMachine:  ConnectedState !SCAN_RESULTS_EVENT  rt=53201396/168255320 0 0 found=31 known=0 got=31 bcn=0 con=1 untrustedcn=0
11-04 21:02:59.365  2729  3064 D WifiStateMachine:  L2ConnectedState !SCAN_RESULTS_EVENT  rt=53201396/168255321 0 0 found=31 known=0 got=31 bcn=0 con=1 untrustedcn=0
11-04 21:02:59.365  2729  3064 D WifiStateMachine:  ConnectModeState !SCAN_RESULTS_EVENT  rt=53201397/168255321 0 0 found=31 known=0 got=31 bcn=0 con=1 untrustedcn=0
11-04 21:02:59.366  2729  3064 D WifiStateMachine:  DriverStartedState !SCAN_RESULTS_EVENT  rt=53201397/168255322 0 0 found=31 known=0 got=31 bcn=0 con=1 untrustedcn=0
11-04 21:02:59.366  2729  3064 D WifiStateMachine:  SupplicantStartedState !SCAN_RESULTS_EVENT  rt=53201397/168255322 0 0 found=31 known=0 got=31 bcn=0 con=1 untrustedcn=0
11-04 21:02:59.368  2729  3138 D WifiHW  : enter -->wifi_wait_on_socket buflen=2048
11-04 21:02:59.372  2729  2757 V WindowManager: Rotation changed to 1 from 0, lastOrientation=-1
11-04 21:02:59.372  2729  2757 D PowerManagerNotifier: onWakeLockAcquired: flags=1, tag="SCREEN_FROZEN", packageName=android, ownerUid=1000, ownerPid=2729, workSource=null
11-04 21:02:59.373  2729  2757 D AppOps  : startOperation: allowing code 40 uid 1000 package android
11-04 21:02:59.373  2729  2757 D InputDispatcher: setInputDispatchMode: enabled=1, frozen=1
11-04 21:02:59.373  2729  3053 D InputDispatcher: Dispatch frozen.  Waiting some more.
11-04 21:02:59.374  2729  2757 I WindowManager:   FREEZE null: CREATE, w = 2160, h = 1080, r=0
11-04 21:02:59.376  2729  3085 I libPerfService: 5: set freq: 1547000, 2002000, -1, 
11-04 21:02:59.378   324   324 I BufferQueue: [unnamed-324-888](this:0x7a5877a000,id:888,api:0,p:-1,c:-1) BufferQueue core=(324:/system/bin/surfaceflinger)
11-04 21:02:59.378   324   324 I BufferQueueConsumer: [unnamed-324-888](this:0x7a5877a000,id:888,api:0,p:-1,c:324) connect(C): consumer=(324:/system/bin/surfaceflinger) controlledByApp=false
11-04 21:02:59.378   324   324 I BufferQueueConsumer: [unnamed-324-814](this:0x7a5877a000,id:888,api:0,p:-1,c:324) setConsumerName: unnamed-324-814
11-04 21:02:59.378   324   324 I BufferQueueConsumer: [ScreenshotSurface](this:0x7a5877a000,id:888,api:0,p:-1,c:324) setConsumerName: ScreenshotSurface
11-04 21:02:59.379   324   324 I BufferQueueProducer: [](this:0x7a5877a000,id:888,api:0,p:-1,c:324) setMaxDequeuedBufferCount: maxDequeuedBuffers = 2
11-04 21:02:59.379   324   324 I BufferQueueConsumer: [ScreenshotSurface](this:0x7a5877a000,id:888,api:0,p:-1,c:324) setDefaultBufferSize: width=2160 height=1080
11-04 21:02:59.382  2729  3085 I libPerfService: 5: set: -1, 4, -1, 
11-04 21:02:59.384  2729  3066 D WifiHW  : leave --> reply=id=2719
11-04 21:02:59.384  2729  3066 D WifiHW  : bssid=ac:9e:17:ab:34:78
11-04 21:02:59.384  2729  3066 D WifiHW  : freq=5805
11-04 21:02:59.384  2729  3066 D WifiHW  : level=-77
11-04 21:02:59.384  2729  3066 D WifiHW  : tsf=0000168255288032
11-04 21:02:59.384  2729  3066 D WifiHW  : ie=00044153555301088c129824b048606c30140100000fac040100000fac040100000fac020c000b0504000200002d1aef0117ffffff00000000000000000000000000000000000000003d16a10f04000000000000000000000000000000000000007f080400000000000040bf0cb2018003eaff0000eaff0000c005019b000000c30402020202dd090010180204001c0000dd180050f2020101040003a4000027a4000042435e0062322f00
11-04 21:02:59.384  2729  3066 D WifiHW  : flags=[WPA2-PSK-CCMP][ESS]
11-04 21:02:59.384  2729  3066 D WifiHW  : ssid=ASUS
11-04 21:02:59.384  2729  3066 D WifiHW  : ====
11-04 21:02:59.384  2729  3066 D WifiHW  : id=2720
11-04 21:02:59.384  2729  3066 D WifiHW  : bssid=ac:9e:17:ab:34:70
11-04 21:02:59.384  2729  3066 D WifiHW  : freq=2457
11-04 21:02:59.384  2729  3066 D WifiHW  : level=-63
11-04 21:02:59.384  2729  3066 D WifiHW  : tsf=0000168255287962
11-04 21:02:59.384  2729  3066 D WifiHW  : ie=000441535553010882848b962430486c03010a2a010432040c12186030140100000fac040100000fac040100000fac020c000b0503000900002d1aad0117ffffff00000000000000000000000000000018040111003d160a0815000000000000000000000000000000000000004a0e14000a002c01c8001400050019007f080500000000000040dd1e00904c0408bf0cb259820feaff0000eaff0000c005000a000000c3020002dd090010180203041c0000dd180050f2020101840003a4000027a4000042435e0062322f00
11-04 21:02:59.384  2729  3066 D WifiHW  : flags=[WPA2-PSK-CCMP][ESS]
11-04 21:02:59.384  2729  3066 D WifiHW  : ssid=ASUS
11-04 21:02:59.384  2729  3066 D WifiHW  : ====
11-04 21:02:59.384  2729  3066 D WifiHW  : id=2721
11-04 21:02:59.384  2729  3066 D WifiHW  : bssid=ac:9e
11-04 21:02:59.385  2729  3064 D WifiHW  : enter -->wifi_send_command cmd=IFNAME=wlan0 BSS RANGE=0- MASK=0x29d87
11-04 21:02:59.387  2729  3064 D WifiHW  : leave --> reply=id=2719
11-04 21:02:59.387  2729  3064 D WifiHW  : bssid=ac:9e:17:ab:34:78
11-04 21:02:59.387  2729  3064 D WifiHW  : freq=5805
11-04 21:02:59.387  2729  3064 D WifiHW  : level=-77
11-04 21:02:59.387  2729  3064 D WifiHW  : tsf=0000168255288032
11-04 21:02:59.387  2729  3064 D WifiHW  : ie=00044153555301088c129824b048606c30140100000fac040100000fac040100000fac020c000b0504000200002d1aef0117ffffff00000000000000000000000000000000000000003d16a10f04000000000000000000000000000000000000007f080400000000000040bf0cb2018003eaff0000eaff0000c005019b000000c30402020202dd090010180204001c0000dd180050f2020101040003a4000027a4000042435e0062322f00
11-04 21:02:59.387  2729  3064 D WifiHW  : flags=[WPA2-PSK-CCMP][ESS]
11-04 21:02:59.387  2729  3064 D WifiHW  : ssid=ASUS
11-04 21:02:59.387  2729  3064 D WifiHW  : ====
11-04 21:02:59.387  2729  3064 D WifiHW  : id=2720
11-04 21:02:59.387  2729  3064 D WifiHW  : bssid=ac:9e:17:ab:34:70
11-04 21:02:59.387  2729  3064 D WifiHW  : freq=2457
11-04 21:02:59.387  2729  3064 D WifiHW  : level=-63
11-04 21:02:59.387  2729  3064 D WifiHW  : tsf=0000168255287962
11-04 21:02:59.387  2729  3064 D WifiHW  : ie=000441535553010882848b962430486c03010a2a010432040c12186030140100000fac040100000fac040100000fac020c000b0503000900002d1aad0117ffffff00000000000000000000000000000018040111003d160a0815000000000000000000000000000000000000004a0e14000a002c01c8001400050019007f080500000000000040dd1e00904c0408bf0cb259820feaff0000eaff0000c005000a000000c3020002dd090010180203041c0000dd180050f2020101840003a4000027a4000042435e0062322f00
11-04 21:02:59.387  2729  3064 D WifiHW  : flags=[WPA2-PSK-CCMP][ESS]
11-04 21:02:59.387  2729  3064 D WifiHW  : ssid=ASUS
11-04 21:02:59.387  2729  3064 D WifiHW  : ====
11-04 21:02:59.387  2729  3064 D WifiHW  : id=2721
11-04 21:02:59.387  2729  3064 D WifiHW  : bssid=ac:9e
11-04 21:02:59.387  2729  3066 D WifiHW  : enter -->wifi_send_command cmd=IFNAME=wlan0 BSS RANGE=3025- MASK=0x29d87
11-04 21:02:59.390   324   324 D Surface : Surface::connect(this=0x7a5af56e00,api=1)
11-04 21:02:59.390   324   324 I BufferQueueProducer: [ScreenshotSurface](this:0x7a5877a000,id:888,api:1,p:324,c:324) connect(P): api=1 producer=(324:/system/bin/surfaceflinger) producerControlledByApp=false
11-04 21:02:59.390   324   324 I BufferQueueProducer: [ScreenshotSurface](this:0x7a5877a000,id:888,api:1,p:324,c:324) new GraphicBuffer needed
11-04 21:02:59.392   324   324 W [MALI][Gralloc-Warning]: int gralloc_register_buffer(const gralloc_module_t *, buffer_handle_t):99 Registering handle 0x7a587da080 coming from the same process: 324.
11-04 21:02:59.394   324   324 I SurfaceFlinger: screenshot (bluerock.com.bluerock/bluerock.com.bluerock.MainActivity)
11-04 21:02:59.394   324   324 I SurfaceFlinger: screenshot (StatusBar)
11-04 21:02:59.394   324   324 I SurfaceFlinger: screenshot (NavigationBar)
11-04 21:02:59.397   324   324 D Surface : Surface::disconnect(this=0x7a5af56e00,api=1)
11-04 21:02:59.397   324   324 I BufferQueueProducer: [ScreenshotSurface](this:0x7a5877a000,id:888,api:1,p:-1,c:324) disconnect(P): api 1
11-04 21:02:59.397   324   324 I BufferQueueConsumer: [ScreenshotSurface](this:0x7a5877a000,id:888,api:1,p:-1,c:324) getReleasedBuffers: returning mask 0xffffffffffffffff
11-04 21:02:59.398   324   324 D MALI    : eglCreateImageKHR:513: [Crop] 0 0 0 0  img[2160 1080] 
11-04 21:02:59.401   324   324 I BufferQueueProducer: [FrameBufferSurface_0](this:0x7a5e4f6800,id:0,api:1,p:324,c:324) queueBuffer: fps=1.07 dur=17704.11 max=17373.04 min=16.46
11-04 21:02:59.403  2729  2781 D DisplayManagerService: Delivering display event: displayId=0, event=2
11-04 21:02:59.406  2729  3066 D WifiHW  : leave --> reply=id=3025
11-04 21:02:59.406  2729  3066 D WifiHW  : bssid=a0:04:60:83:e8:b8
11-04 21:02:59.406  2729  3066 D WifiHW  : freq=2412
11-04 21:02:59.406  2729  3066 D WifiHW  : level=-78
11-04 21:02:59.406  2729  3066 D WifiHW  : tsf=0000168255288172
