11-04 21:02:59.406  2729  3066 D WifiHW  : ie=00134e5447525f564d425f31353235353738393937010882848b962430486c0301010706555320010b1e200100230212002a010032040c121860301a0100000fac040100000fac040100000fac028c000000000fac06460532080100002d1aa109173f000000000000000000000100000000000000000000003d16010804000000000000000000000000000000000000007f080400080000000040dd750050f204104a0001101044000102103b00010310470010000000000000000000000000000000001021000d4e4554474541522c20496e632e10230007564d423430303010240007564d42343030301042000230311054000800060050f2040001101100064e5447524253100800020084103c000101dd180050f20201018c0003a4000027a400004243bc0062326600
11-04 21:02:59.406  2729  3066 D WifiHW  : flags=[WPA2-PSK-CCMP][WPS][ESS]
11-04 21:02:59.406  2729  3066 D WifiHW  : ssid=NTGR_VMB_1525578997
11-04 21:02:59.406  2729  3066 D WifiHW  : ====
11-04 21:02:59.406  2729  3066 D WifiHW  : id=3026
11-04 21:02:59.406  2729  3066 D WifiHW  : bssid=14:22:db:2e:5d:e5
11-04 21:02:59.406  2729  3066 D WifiHW  : freq=5180
11-04 21:02:59.406  2729  3066 D WifiHW  : level=-86
11-04 21:02:59.406  2729  3066 D WifiHW  : tsf=0000168099596418
11-04 21:02:59.406  2729  3066 D WifiHW  : ie=000864726f643130303001088c129824b048606c030124070a55532024041e95051e0030140100000fac040100000fac040100000fac020c003b0280002d1aef021bffff0000000000000000000001000000000000000000003d162405040000
11-04 21:02:59.408  2729  3066 D WifiHW  : enter -->wifi_send_command cmd=IFNAME=wlan0 BSS RANGE=3031- MASK=0x29d87
11-04 21:02:59.408  2729  3048 D LIGHT   : [ALS]>>en:1,cnt:85,EV_ABS event:code,0;value,90
11-04 21:02:59.408  2729  3048 E PROXIMITY: ProximitySensor: unknown event (type=3, code=0)
11-04 21:02:59.409  2729  2788 D AutomaticBrightnessController: onSensorChanged: mLightSensorEnabled=true, mAmbientLuxValid=true
11-04 21:02:59.409  2729  2788 D AutomaticBrightnessController: updateAmbientLux: mAmbientLuxValid=true, AAL=true
11-04 21:02:59.409  2729  2788 D AutomaticBrightnessController: calculateAmbientLux: [0, 100]: lux=90.0, weight=1005000.0
11-04 21:02:59.409  2729  2788 D AutomaticBrightnessController: calculateAmbientLux: totalWeight=1005000.0, newAmbientLux=90.0
11-04 21:02:59.409  2729  2788 D AutomaticBrightnessController: updateAmbientLux: ambientLux=90.0, timeToBrighten=2500, timeToDarken=3000, current=145.0
11-04 21:02:59.409  2729  2788 D AutomaticBrightnessController: updateAmbientLux: Scheduling ambient lux update for 5320394053203940 (in 2499 ms)
11-04 21:02:59.409  2729  2788 D AutomaticBrightnessController: onSensorChanged: lux = 90.0
11-04 21:02:59.410  2729  3066 D WifiHW  : leave --> reply=id=3031
11-04 21:02:59.410  2729  3066 D WifiHW  : bssid=70:73:cb:b8:b0:af
11-04 21:02:59.410  2729  3066 D WifiHW  : freq=2412
11-04 21:02:59.410  2729  3066 D WifiHW  : level=-81
11-04 21:02:59.410  2729  3066 D WifiHW  : tsf=0000168099596595
11-04 21:02:59.410  2729  3066 D WifiHW  : ie=0009546865205368697265010882848b960c1218240301010706555320010b1e2a010232043048606c30140100000fac040100000fac040100000fac0200002d1aad511bffffff000000000000000000000000000000000000000033027e9d3d160100110000000000000000000000000000000000000046050200010000dd180050f2020101010003a4000027a4000042435e0062322f00dd0700039301740320dd0e0017f207000101067073cbb8b0afdd0b0017f20100010100000007
11-04 21:02:59.410  2729  3066 D WifiHW  : flags=[WPA2-PSK-CCMP][ESS]
11-04 21:02:59.410  2729  3066 D WifiHW  : ssid=The Shire
11-04 21:02:59.410  2729  3066 D WifiHW  : ====
11-04 21:02:59.410  2729  3066 D WifiHW  : id=3032
11-04 21:02:59.410  2729  3066 D WifiHW  : bssid=b0:93:5b:c7:66:9f
11-04 21:02:59.410  2729  3066 D WifiHW  : freq=2462
11-04 21:02:59.410  2729  3066 D WifiHW  : level=-84
11-04 21:02:59.410  2729  3066 D WifiHW  : tsf=0000168099596642
11-04 21:02:59.410  2729  3066 D WifiHW  : ie=000a363448696c6c73696465010882848b968c12982403010b0706555320010b1e2a01003204b048606c460573d000000c2d1aad011bffffff00000000000000000001000000000406e6470d003d160b0017000000000000000000000000000000000000007f0800000f0200000040dd180050f2020101840003a4000027a4000042435e0062322f00dd0900037f01010000ff7fdd9f0050f204104a0001101044000102103b00010310470010db58521c45805146bbcfc9f79a2daffe1021001c41746865726f7320436f6d6d756e69636174696f6
11-04 21:02:59.410  2729  3064 D WifiHW  : enter -->wifi_send_command cmd=IFNAME=wlan0 BSS RANGE=3025- MASK=0x29d87
11-04 21:02:59.411  2729  3064 D WifiHW  : leave --> reply=id=3025
11-04 21:02:59.411  2729  3064 D WifiHW  : bssid=a0:04:60:83:e8:b8
11-04 21:02:59.411  2729  3064 D WifiHW  : freq=2412
11-04 21:02:59.411  2729  3064 D WifiHW  : level=-78
11-04 21:02:59.411  2729  3064 D WifiHW  : tsf=0000168255288172
11-04 21:02:59.411  2729  3064 D WifiHW  : ie=00134e5447525f564d425f31353235353738393937010882848b962430486c0301010706555320010b1e200100230212002a010032040c121860301a0100000fac040100000fac040100000fac028c000000000fac06460532080100002d1aa109173f000000000000000000000100000000000000000000003d16010804000000000000000000000000000000000000007f080400080000000040dd750050f204104a0001101044000102103b00010310470010000000000000000000000000000000001021000d4e4554474541522c20496e632e10230007564d423430303010240007564d42343030301042000230311054000800060050f2040001101100064e5447524253100800020084103c000101dd180050f20201018c0003a4000027a400004243bc0062326600
11-04 21:02:59.411  2729  3064 D WifiHW  : flags=[WPA2-PSK-CCMP][WPS][ESS]
11-04 21:02:59.411  2729  3064 D WifiHW  : ssid=NTGR_VMB_1525578997
11-04 21:02:59.411  2729  3064 D WifiHW  : ====
11-04 21:02:59.411  2729  3064 D WifiHW  : id=3026
11-04 21:02:59.411  2729  3064 D WifiHW  : bssid=14:22:db:2e:5d:e5
11-04 21:02:59.411  2729  3064 D WifiHW  : freq=5180
11-04 21:02:59.411  2729  3064 D WifiHW  : level=-86
11-04 21:02:59.411  2729  3064 D WifiHW  : tsf=0000168099596418
11-04 21:02:59.411  2729  3064 D WifiHW  : ie=000864726f643130303001088c129824b048606c030124070a55532024041e95051e0030140100000fac040100000fac040100000fac020c003b0280002d1aef021bffff0000000000000000000001000000000000000000003d162405040000
11-04 21:02:59.412  2729  3066 D WifiHW  : enter -->wifi_send_command cmd=IFNAME=wlan0 BSS RANGE=3037- MASK=0x29d87
11-04 21:02:59.413  2729  3066 D WifiHW  : leave --> reply=id=3037
11-04 21:02:59.413  2729  3066 D WifiHW  : bssid=b0:93:5b:c7:66:a0
11-04 21:02:59.413  2729  3066 D WifiHW  : freq=5240
11-04 21:02:59.413  2729  3066 D WifiHW  : level=-95
11-04 21:02:59.413  2729  3066 D WifiHW  : tsf=0000168099596444
11-04 21:02:59.413  2729  3066 D WifiHW  : ie=000f363448696c6c73696465203547487a01088c129824b048606c030130050400010100074c55532024011e28011e2c011e30011e3401183801183c01184001186401186801186c01187001187401187801187c01188001188401188801188c011895011e99011e9d011ea1011ea5011e00200103460573d000000c2d1aef091bffffff00000000000000000001000000000000000000003d16300704000000000000000000000000000000000000007f0800000f0200000040bf0cb2018033eaff0000eaff0000c005012a00fcffc30402c4c4c4dd180050f2020101840003a4000027a4000042435e0062322f00dd0900037f01010000ff7fdd1d0050f204104a0001101044000102103c0001021049000600372a00012030140100000fac040100000fac040100000fac020000
11-04 21:02:59.413  2729  3066 D WifiHW  : flags=[WPA2-PSK-CCMP][WPS][ESS]
11-04 21:02:59.413  2729  3066 D WifiHW  : ssid=64Hillside 5GHz
11-04 21:02:59.413  2729  3066 D WifiHW  : ====
11-04 21:02:59.413  2729  3066 D WifiHW  : id=3038
11-04 21:02:59.413  2729  3066 D WifiHW  : bssid=14:22:db:2e:5d:e8
11-04 21:02:59.413  2729  3066 D WifiHW  : freq=2412
11-04 21:02:59.413  2729  3066 D WifiHW  : level=-67
11-04 21:02:59.413  2729  3066 D WifiHW  : tsf=0000168099596767
11-04 21:02:59.413  2729  3066 D WifiHW  : ie=0000010882848b960c1218240301010504010200000706555320010b1e2a010032043048606c3b0251002d1aef121bffff0000000000000000000001000000000000000000003d16010000000000000000000000000000000000000000007f
11-04 21:02:59.414  2729  3064 D WifiHW  : enter -->wifi_send_command cmd=IFNAME=wlan0 BSS RANGE=3031- MASK=0x29d87
11-04 21:02:59.417  2729  2757 D InputReader: InputReader:: getSwitchState lock 
11-04 21:02:59.417  2729  2757 D InputReader: InputReader::getStateLocked:: return 
11-04 21:02:59.417  2729  2757 I ActivityManager: Config changes=480 {1.0 ?mcc?mnc [en_AT] ldltr sw360dp w360dp h648dp 480dpi nrml long port finger qwerty/v/v -nav/h s.80}
11-04 21:02:59.419  2729  3064 D WifiHW  : leave --> reply=id=3031
11-04 21:02:59.419  2729  3064 D WifiHW  : bssid=70:73:cb:b8:b0:af
11-04 21:02:59.419  2729  3064 D WifiHW  : freq=2412
11-04 21:02:59.419  2729  3064 D WifiHW  : level=-81
11-04 21:02:59.419  2729  3064 D WifiHW  : tsf=0000168099596595
11-04 21:02:59.419  2729  3064 D WifiHW  : ie=0009546865205368697265010882848b960c1218240301010706555320010b1e2a010232043048606c30140100000fac040100000fac040100000fac0200002d1aad511bffffff000000000000000000000000000000000000000033027e9d3d160100110000000000000000000000000000000000000046050200010000dd180050f2020101010003a4000027a4000042435e0062322f00dd0700039301740320dd0e0017f207000101067073cbb8b0afdd0b0017f20100010100000007
11-04 21:02:59.419  2729  3064 D WifiHW  : flags=[WPA2-PSK-CCMP][ESS]
11-04 21:02:59.419  2729  3064 D WifiHW  : ssid=The Shire
11-04 21:02:59.419  2729  3064 D WifiHW  : ====
11-04 21:02:59.419  2729  3064 D WifiHW  : id=3032
11-04 21:02:59.419  2729  3064 D WifiHW  : bssid=b0:93:5b:c7:66:9f
11-04 21:02:59.419  2729  3064 D WifiHW  : freq=2462
11-04 21:02:59.419  2729  3064 D WifiHW  : level=-84
11-04 21:02:59.419  2729  3064 D WifiHW  : tsf=0000168099596642
11-04 21:02:59.419  2729  3064 D WifiHW  : ie=000a363448696c6c73696465010882848b968c12982403010b0706555320010b1e2a01003204b048606c460573d000000c2d1aad011bffffff00000000000000000001000000000406e6470d003d160b0017000000000000000000000000000000000000007f0800000f0200000040dd180050f2020101840003a4000027a4000042435e0062322f00dd0900037f01010000ff7fdd9f0050f204104a0001101044000102103b00010310470010db58521c45805146bbcfc9f79a2daffe1021001c41746865726f7320436f6d6d756e69636174696f6
11-04 21:02:59.419  2729  2781 D InputReader: InputReader:: requestRefreshConfiguration lock 
11-04 21:02:59.419  2729  2781 D InputReader: InputReader:: requestRefreshConfiguration unlock 
11-04 21:02:59.419  2729  2781 D InputReader: InputReader:: requestRefreshConfiguration lock 
11-04 21:02:59.419  2729  2781 D InputReader: InputReader:: requestRefreshConfiguration unlock 
11-04 21:02:59.420  2729  3066 D WifiHW  : enter -->wifi_send_command cmd=IFNAME=wlan0 BSS RANGE=3045- MASK=0x29d87
11-04 21:02:59.421  2729  3066 D WifiHW  : leave --> reply=id=3045
11-04 21:02:59.421  2729  3066 D WifiHW  : bssid=22:86:8c:a2:32:64
11-04 21:02:59.421  2729  3066 D WifiHW  : freq=2437
11-04 21:02:59.421  2729  3066 D WifiHW  : level=-86
11-04 21:02:59.421  2729  3066 D WifiHW  : tsf=0000168099596622
11-04 21:02:59.421  2729  3066 D WifiHW  : ie=000b7866696e69747977696669010882848b968c1298240301060504000100000706555320010b1e2a01003204b048606c2d1aad011bffffff00000000000000000001000000000406e6470d003d16060804000000000000000000000000000000000000007f080000000000000040dd180050f2020101840003a4000027a4000042435e0062322f00dd0900037f01010000ff7f
11-04 21:02:59.421  2729  3066 D WifiHW  : flags=[ESS]
11-04 21:02:59.421  2729  3066 D WifiHW  : ssid=xfinitywifi
11-04 21:02:59.421  2729  3066 D WifiHW  : ====
11-04 21:02:59.421  2729  3066 D WifiHW  : id=3046
11-04 21:02:59.421  2729  3066 D WifiHW  : bssid=c2:93:5b:c7:66:9f
11-04 21:02:59.421  2729  3066 D WifiHW  : freq=2462
11-04 21:02:59.421  2729  3066 D WifiHW  : level=-88
11-04 21:02:59.421  2729  3066 D WifiHW  : tsf=0000168099596339
11-04 21:02:59.421  2729  3066 D WifiHW  : ie=000b7866696e69747977696669010882848b968c12982403010b0706555320010b1e2a01003204b048606c2d1aad011bffffff00000000000000000001000000000406e6470d003d160b0017000000000000000000000000000000000000007f080000000000000040dd180050f2020101840003a4000027a4000042435e0062322f00dd0900037f01010000ff7f
11-04 21:02:59.421  2729  3066 D WifiHW  : flags=[ESS]
11-04 21:02:59.421  2729  3066 D WifiHW  : ssid=xfinitywifi
11-04 21:02:59.421  2729  3066 D WifiHW  : ====
11-04 21:02:59.421  2729  3066 D WifiHW  : id=3047
11-04 21:02:59.421  2729  3066 D WifiHW  : bssid=c2:93:5b:c7:66:a0
11-04 21:02:59.421  2729  3066 D WifiHW  : freq=5240
11-04 21:02:59.421  2729  3066 D WifiHW  : level=-92
11-04 21:02:59.421  2729  3066 D WifiHW  : tsf=0000168099596473
11-04 21:02:59.421  2729  3066 D WifiHW  : ie=000b7866696e6974797769666901088c129824b048606c030130050400010000074c55532024011e28011e2c011e30011e3401183801183c01184001186401186
11-04 21:02:59.422  2729  3064 D WifiHW  : enter -->wifi_send_command cmd=IFNAME=wlan0 BSS RANGE=3037- MASK=0x29d87
11-04 21:02:59.424  2729  3064 D WifiHW  : leave --> reply=id=3037
11-04 21:02:59.424  2729  3064 D WifiHW  : bssid=b0:93:5b:c7:66:a0
11-04 21:02:59.424  2729  3064 D WifiHW  : freq=5240
11-04 21:02:59.424  2729  3064 D WifiHW  : level=-95
11-04 21:02:59.424  2729  3064 D WifiHW  : tsf=0000168099596444
11-04 21:02:59.424  2729  3064 D WifiHW  : ie=000f363448696c6c73696465203547487a01088c129824b048606c030130050400010100074c55532024011e28011e2c011e30011e3401183801183c01184001186401186801186c01187001187401187801187c01188001188401188801188c011895011e99011e9d011ea1011ea5011e00200103460573d000000c2d1aef091bffffff00000000000000000001000000000000000000003d16300704000000000000000000000000000000000000007f0800000f0200000040bf0cb2018033eaff0000eaff0000c005012a00fcffc30402c4c4c4dd180050f2020101840003a4000027a4000042435e0062322f00dd0900037f01010000ff7fdd1d0050f204104a0001101044000102103c0001021049000600372a00012030140100000fac040100000fac040100000fac020000
11-04 21:02:59.424  2729  3064 D WifiHW  : flags=[WPA2-PSK-CCMP][WPS][ESS]
11-04 21:02:59.424  2729  3064 D WifiHW  : ssid=64Hillside 5GHz
11-04 21:02:59.424  2729  3064 D WifiHW  : ====
11-04 21:02:59.424  2729  3064 D WifiHW  : id=3038
11-04 21:02:59.424  2729  3064 D WifiHW  : bssid=14:22:db:2e:5d:e8
11-04 21:02:59.424  2729  3064 D WifiHW  : freq=2412
11-04 21:02:59.424  2729  3064 D WifiHW  : level=-67
11-04 21:02:59.424  2729  3064 D WifiHW  : tsf=0000168099596767
11-04 21:02:59.424  2729  3064 D WifiHW  : ie=0000010882848b960c1218240301010504010200000706555320010b1e2a010032043048606c3b0251002d1aef121bffff0000000000000000000001000000000000000000003d16010000000000000000000000000000000000000000007f
11-04 21:02:59.424  2729  3066 D WifiHW  : enter -->wifi_send_command cmd=IFNAME=wlan0 BSS RANGE=3052- MASK=0x29d87
11-04 21:02:59.425  2729  3066 D WifiHW  : leave --> reply=id=3052
11-04 21:02:59.425  2729  3066 D WifiHW  : bssid=d2:93:5b:c7:66:a0
11-04 21:02:59.425  2729  3066 D WifiHW  : freq=5240
11-04 21:02:59.425  2729  3066 D WifiHW  : level=-94
11-04 21:02:59.425  2729  3066 D WifiHW  : tsf=0000168255288125
11-04 21:02:59.425  2729  3066 D WifiHW  : ie=000001088c129824b048606c030130050400010000074c55532024011e28011e2c011e30011e3401183801183c01184001186401186801186c01187001187401187801187c01188001188401188801188c011895011e99011e9d011ea1011ea5011e002001032d1aef091bffffff00000000000000000001000000000000000000003d16300704000000000000000000000000000000000000007f0800000f0200000040bf0cb2018033eaff0000eaff0000c005012a00fcffc30402c4c4c4dd180050f2020101840003a4000027a4000042435e0062322f00dd0900037f01010000ff7fdd1a0050f20101000050f20202000050f2040050f20201000050f20230180100000fac020200000fac04000fac020100000fac020000
11-04 21:02:59.425  2729  3066 D WifiHW  : flags=[WPA-PSK-CCMP+TKIP][WPA2-PSK-CCMP+TKIP][ESS]
11-04 21:02:59.425  2729  3066 D WifiHW  : ssid=
11-04 21:02:59.425  2729  3066 D WifiHW  : ####
11-04 21:02:59.425  2729  3066 D WifiHW  : 020101840003a4000027a4000042435e0062322f00dd0900037f01010000ff7f
11-04 21:02:59.425  2729  3066 D WifiHW  : flags=[ESS]
11-04 21:02:59.425  2729  3066 D WifiHW  : ssid=xfinitywifi
11-04 21:02:59.425  2729  3066 D WifiHW  : ====
11-04 21:02:59.425  2729  3066 D WifiHW  : id=3047
11-04 21:02:59.425  2729  3066 D WifiHW  : bssid=c2:93:5b:c7:66:a0
11-04 21:02:59.425  2729  3066 D WifiHW  : freq=5240
11-04 21:02:59.425  2729  3066 D WifiHW  : level=-92
11-04 21:02:59.425  2729  3066 D WifiHW  : tsf=0000168099596473
11-04 21:02:59.425  2729  3066 D WifiHW  : ie=000b7866696e6974797769666901088c129824b048606c030130050400010000074c55532024011e28011e2c011e30011e3401183801183c01184001186401186
11-04 21:02:59.425  2729  3066 D WifiHW  : enter -->wifi_send_command cmd=IFNAME=wlan0 BSS RANGE=3053- MASK=0x29d87
11-04 21:02:59.425  2729  3066 D WifiHW  : leave --> reply=id=3052
11-04 21:02:59.425  2729  3066 D WifiHW  : bssid=d2:93:5b:c7:66:a0
11-04 21:02:59.425  2729  3066 D WifiHW  : freq=5240
11-04 21:02:59.425  2729  3066 D WifiHW  : level=-94
11-04 21:02:59.425  2729  3066 D WifiHW  : tsf=0000168255288125
11-04 21:02:59.425  2729  3066 D WifiHW  : ie=000001088c129824b048606c030130050400010000074c55532024011e28011e2c011e30011e3401183801183c01184001186401186801186c01187001187401187801187c01188001188401188801188c011895011e99011e9d011ea1011ea5011e002001032d1aef091bffffff00000000000000000001000000000000000000003d16300704000000000000000000000000000000000000007f0800000f0200000040bf0cb2018033eaff0000eaff0000c005012a00fcffc30402c4c4c4dd180050f2020101840003a4000027a4000042435e0062322f00dd0900037f01010000ff7fdd1a0050f20101000050f20202000050f2040050f20201000050f20230180100000fac020200000fac04000fac020100000fac020000
11-04 21:02:59.425  2729  3066 D WifiHW  : flags=[WPA-PSK-CCMP+TKIP][WPA2-PSK-CCMP+TKIP][ESS]
11-04 21:02:59.425  2729  3066 D WifiHW  : ssid=
11-04 21:02:59.425  2729  3066 D WifiHW  : ####
11-04 21:02:59.426  2729  3066 D WifiScanningService: WifiSingleScanStateMachine onFullScanResult received bucketsScanned =0fullScanResultSSID: ASUS, BSSID: ac:9e:17:ab:34:78, capabilities: [WPA2-PSK-CCMP][ESS], level: -77, frequency: 5805, timestamp: 168255288032, distance: ?(cm), distanceSd: ?(cm), passpoint: no, ChannelBandwidth: 2, centerFreq0: 5775, centerFreq1: 0, 80211mcResponder: is not supported
11-04 21:02:59.426  2729  3064 D WifiHW  : enter -->wifi_send_command cmd=IFNAME=wlan0 BSS RANGE=3045- MASK=0x29d87
11-04 21:02:59.427  2729  3066 D WifiScanningService: WifiSingleScanStateMachine onFullScanResult received bucketsScanned =0fullScanResultSSID: ASUS, BSSID: ac:9e:17:ab:34:70, capabilities: [WPA2-PSK-CCMP][ESS], level: -63, frequency: 2457, timestamp: 168255287962, distance: ?(cm), distanceSd: ?(cm), passpoint: no, ChannelBandwidth: 0, centerFreq0: 0, centerFreq1: 0, 80211mcResponder: is not supported
11-04 21:02:59.427  2729  3054 I InputReader: Reconfiguring input devices.  changes=0x00000004
11-04 21:02:59.427  2729  3054 I InputReader: Device reconfigured: id=1, name='mtk-tpd', size 2160x1080, orientation 1, mode 1, display id 0
11-04 21:02:59.427  2729  3054 D InputDispatcher: notifyDeviceReset - eventTime=53201459137092, deviceId=1
11-04 21:02:59.428  2729  3053 D InputDispatcher: Dispatch frozen.  Waiting some more.
11-04 21:02:59.429  2729  3066 D WifiScanningService: WifiSingleScanStateMachine onFullScanResult received bucketsScanned =0fullScanResultSSID: ASUS, BSSID: ac:9e:17:ab:34:74, capabilities: [WPA2-PSK-CCMP][ESS], level: -80, frequency: 5180, timestamp: 168255288001, distance: ?(cm), distanceSd: ?(cm), passpoint: no, ChannelBandwidth: 2, centerFreq0: 5210, centerFreq1: 0, 80211mcResponder: is not supported
11-04 21:02:59.430  2729  3064 D WifiHW  : leave --> reply=id=3045
11-04 21:02:59.430  2729  3064 D WifiHW  : bssid=22:86:8c:a2:32:64
11-04 21:02:59.430  2729  3064 D WifiHW  : freq=2437
11-04 21:02:59.430  2729  3064 D WifiHW  : level=-86
11-04 21:02:59.430  2729  3064 D WifiHW  : tsf=0000168099596622
11-04 21:02:59.430  2729  3064 D WifiHW  : ie=000b7866696e69747977696669010882848b968c1298240301060504000100000706555320010b1e2a01003204b048606c2d1aad011bffffff00000000000000000001000000000406e6470d003d16060804000000000000000000000000000000000000007f080000000000000040dd180050f2020101840003a4000027a4000042435e0062322f00dd0900037f01010000ff7f
11-04 21:02:59.430  2729  3064 D WifiHW  : flags=[ESS]
11-04 21:02:59.430  2729  3064 D WifiHW  : ssid=xfinitywifi
11-04 21:02:59.430  2729  3064 D WifiHW  : ====
11-04 21:02:59.430  2729  3064 D WifiHW  : id=3046
11-04 21:02:59.430  2729  3064 D WifiHW  : bssid=c2:93:5b:c7:66:9f
11-04 21:02:59.430  2729  3064 D WifiHW  : freq=2462
11-04 21:02:59.430  2729  3064 D WifiHW  : level=-88
11-04 21:02:59.430  2729  3064 D WifiHW  : tsf=0000168099596339
11-04 21:02:59.430  2729  3064 D WifiHW  : ie=000b7866696e69747977696669010882848b968c12982403010b0706555320010b1e2a01003204b048606c2d1aad011bffffff00000000000000000001000000000406e6470d003d160b0017000000000000000000000000000000000000007f080000000000000040dd180050f2020101840003a4000027a4000042435e0062322f00dd0900037f01010000ff7f
11-04 21:02:59.430  2729  3064 D WifiHW  : flags=[ESS]
11-04 21:02:59.430  2729  3064 D WifiHW  : ssid=xfinitywifi
11-04 21:02:59.430  2729  3064 D WifiHW  : ====
11-04 21:02:59.430  2729  3064 D WifiHW  : id=3047
11-04 21:02:59.430  2729  3064 D WifiHW  : bssid=c2:93:5b:c7:66:a0
11-04 21:02:59.430  2729  3064 D WifiHW  : freq=5240
11-04 21:02:59.430  2729  3064 D WifiHW  : level=-92
11-04 21:02:59.430  2729  3064 D WifiHW  : tsf=0000168099596473
11-04 21:02:59.430  2729  3064 D WifiHW  : ie=000b7866696e6974797769666901088c129824b048606c030130050400010000074c55532024011e28011e2c011e30011e3401183801183c01184001186401186
11-04 21:02:59.430  2729  3066 D WifiScanningService: WifiSingleScanStateMachine onFullScanResult received bucketsScanned =0fullScanResultSSID: drod1000, BSSID: 14:22:db:4f:70:86, capabilities: [WPA2-PSK-CCMP][ESS], level: -67, frequency: 2412, timestamp: 168255288215, distance: ?(cm), distanceSd: ?(cm), passpoint: no, ChannelBandwidth: 0, centerFreq0: 0, centerFreq1: 0, 80211mcResponder: is not supported
11-04 21:02:59.431  2729  3066 D WifiScanningService: WifiSingleScanStateMachine onFullScanResult received bucketsScanned =0fullScanResultSSID: drod1000, BSSID: 14:22:db:4f:70:85, capabilities: [WPA2-PSK-CCMP][ESS], level: -81, frequency: 5180, timestamp: 168255288082, distance: ?(cm), distanceSd: ?(cm), passpoint: no, ChannelBandwidth: 2, centerFreq0: 5210, centerFreq1: 0, 80211mcResponder: is not supported
11-04 21:02:59.432  2729  3066 D WifiScanningService: WifiSingleScanStateMachine onFullScanResult received bucketsScanned =0fullScanResultSSID: drod1000, BSSID: 14:22:db:4f:85:66, capabilities: [WPA2-PSK-CCMP][ESS], level: -75, frequency: 2412, timestamp: 168255288238, distance: ?(cm), distanceSd: ?(cm), passpoint: no, ChannelBandwidth: 0, centerFreq0: 0, centerFreq1: 0, 80211mcResponder: is not supported
11-04 21:02:59.432  2729  3066 D WifiScanningService: WifiSingleScanStateMachine onFullScanResult received bucketsScanned =0fullScanResultSSID: drod1000, BSSID: 14:22:db:2e:5d:e6, capabilities: [WPA2-PSK-CCMP][ESS], level: -76, frequency: 2412, timestamp: 168255288196, distance: ?(cm), distanceSd: ?(cm), passpoint: no, ChannelBandwidth: 0, centerFreq0: 0, centerFreq1: 0, 80211mcResponder: is not supported
11-04 21:02:59.433  2729  2757 D InputReader: InputReader:: getSwitchState lock 
11-04 21:02:59.433  2729  2757 D InputReader: InputReader::getStateLocked:: return 
11-04 21:02:59.434  2729 30124 D InputReader: K_lock
11-04 21:02:59.434  2729 30124 D InputReader: SK_Lock_r
11-04 21:02:59.435  2729  3722 D InputReader: K_lock
11-04 21:02:59.435  2729  3722 D InputReader: SK_Lock_r
11-04 21:02:59.436  2729  2757 D RunningBoosterService: [onAfterActivityResumed] mScreenStateChange = false mScreenOffState = false
11-04 21:02:59.438  2729  2757 D InputDispatcher: setInputWindows
11-04 21:02:59.439  2729  3053 D InputDispatcher: Dispatch frozen.  Waiting some more.
11-04 21:02:59.441  2729  2729 D WindowManager: Configuration changed, remove fast starting window catch
11-04 21:02:59.441  2729  2729 I Tethering: StateReceiver onReceive action:android.intent.action.CONFIGURATION_CHANGED
11-04 21:02:59.446  2729  3066 D WifiScanningService: WifiSingleScanStateMachine onFullScanResult received bucketsScanned =0fullScanResultSSID: NTGR_VMB_1525578997, BSSID: a0:04:60:83:e8:b8, capabilities: [WPA2-PSK-CCMP][WPS][ESS], level: -78, frequency: 2412, timestamp: 168255288172, distance: ?(cm), distanceSd: ?(cm), passpoint: no, ChannelBandwidth: 0, centerFreq0: 0, centerFreq1: 0, 80211mcResponder: is not supported
11-04 21:02:59.447  2729  3066 D WifiScanningService: WifiSingleScanStateMachine onFullScanResult received bucketsScanned =0fullScanResultSSID: NTGR_VMB_1041408049, BSSID: 10:da:43:c6:1d:3a, capabilities: [WPA2-PSK-CCMP][WPS][ESS], level: -83, frequency: 2452, timestamp: 168255288274, distance: ?(cm), distanceSd: ?(cm), passpoint: no, ChannelBandwidth: 0, centerFreq0: 0, centerFreq1: 0, 80211mcResponder: is not supported
11-04 21:02:59.447  2729  3066 D WifiScanningService: WifiSingleScanStateMachine onFullScanResult received bucketsScanned =0fullScanResultSSID: , BSSID: 00:0d:67:24:ad:88, capabilities: [WPA-PSK-CCMP+TKIP][WPA2-PSK-CCMP+TKIP][ESS], level: -81, frequency: 2412, timestamp: 168255288384, distance: ?(cm), distanceSd: ?(cm), passpoint: no, ChannelBandwidth: 0, centerFreq0: 0, centerFreq1: 0, 80211mcResponder: is not supported
11-04 21:02:59.448  2729  3066 D WifiScanningService: WifiSingleScanStateMachine onFullScanResult received bucketsScanned =0fullScanResultSSID: TheTreeHouse, BSSID: a0:04:60:8a:62:8d, capabilities: [WPA2-PSK-CCMP][WPS][ESS], level: -89, frequency: 2452, timestamp: 168255288058, distance: ?(cm), distanceSd: ?(cm), passpoint: no, ChannelBandwidth: 0, centerFreq0: 0, centerFreq1: 0, 80211mcResponder: is not supported
11-04 21:02:59.448  3177  3177 D WindowClient: Add to mViews: com.android.systemui.assist.AssistOrbContainer{52e224 G.E...... ......I. 0,0-0,0}, this = android.view.WindowManagerGlobal@8dc428f
11-04 21:02:59.449  2729  3066 D WifiScanningService: WifiSingleScanStateMachine onFullScanResult received bucketsScanned =0fullScanResultSSID: , BSSID: 14:22:db:4f:70:88, capabilities: [ESS], level: -67, frequency: 2412, timestamp: 168255288335, distance: ?(cm), distanceSd: ?(cm), passpoint: no, ChannelBandwidth: 0, centerFreq0: 0, centerFreq1: 0, 80211mcResponder: is not supported
11-04 21:02:59.449  2729  3066 D WifiScanningService: WifiSingleScanStateMachine onFullScanResult received bucketsScanned =0fullScanResultSSID: , BSSID: 14:22:db:4f:85:68, capabilities: [ESS], level: -74, frequency: 2412, timestamp: 168255288360, distance: ?(cm), distanceSd: ?(cm), passpoint: no, ChannelBandwidth: 0, centerFreq0: 0, centerFreq1: 0, 80211mcResponder: is not supported
11-04 21:02:59.449  2729  3066 D WifiScanningService: WifiSingleScanStateMachine onFullScanResult received bucketsScanned =0fullScanResultSSID: , BSSID: 00:3a:9a:f0:76:20, capabilities: [WPA2-EAP-CCMP][ESS], level: -82, frequency: 2412, timestamp: 168255288298, distance: ?(cm), distanceSd: ?(cm), passpoint: no, ChannelBandwidth: 0, centerFreq0: 0, centerFreq1: 0, 80211mcResponder: is not supported
11-04 21:02:59.450  2729  3066 D WifiScanningService: WifiSingleScanStateMachine onFullScanResult received bucketsScanned =0fullScanResultSSID: , BSSID: 12:86:8c:a2:32:64, capabilities: [WPA-PSK-CCMP+TKIP][WPA2-PSK-CCMP+TKIP][ESS], level: -88, frequency: 2437, timestamp: 168255288414, distance: ?(cm), distanceSd: ?(cm), passpoint: no, ChannelBandwidth: 0, centerFreq0: 0, centerFreq1: 0, 80211mcResponder: is not supported
11-04 21:02:59.451  2729  3066 D WifiScanningService: WifiSingleScanStateMachine onFullScanResult received bucketsScanned =0fullScanResultSSID: XFINITY, BSSID: e2:93:5b:c7:66:a0, capabilities: [WPA2-EAP-CCMP][ESS], level: -92, frequency: 5240, timestamp: 168255288149, distance: ?(cm), distanceSd: ?(cm), passpoint: no, ChannelBandwidth: 2, centerFreq0: 5210, centerFreq1: 0, 80211mcResponder: is not supported
11-04 21:02:59.453  2729  3064 D WifiHW  : enter -->wifi_send_command cmd=IFNAME=wlan0 BSS RANGE=3052- MASK=0x29d87
11-04 21:02:59.455  2729  3066 D WifiScanningService: WifiSingleScanStateMachine onFullScanResult received bucketsScanned =0fullScanResultSSID: , BSSID: d2:93:5b:c7:66:a0, capabilities: [WPA-PSK-CCMP+TKIP][WPA2-PSK-CCMP+TKIP][ESS], level: -94, frequency: 5240, timestamp: 168255288125, distance: ?(cm), distanceSd: ?(cm), passpoint: no, ChannelBandwidth: 2, centerFreq0: 5210, centerFreq1: 0, 80211mcResponder: is not supported
11-04 21:02:59.457  2729  3064 D WifiHW  : leave --> reply=id=3052
11-04 21:02:59.457  2729  3064 D WifiHW  : bssid=d2:93:5b:c7:66:a0
11-04 21:02:59.457  2729  3064 D WifiHW  : freq=5240
11-04 21:02:59.457  2729  3064 D WifiHW  : level=-94
11-04 21:02:59.457  2729  3064 D WifiHW  : tsf=0000168255288125
11-04 21:02:59.457  2729  3064 D WifiHW  : ie=000001088c129824b048606c030130050400010000074c55532024011e28011e2c011e30011e3401183801183c01184001186401186801186c01187001187401187801187c01188001188401188801188c011895011e99011e9d011ea1011ea5011e002001032d1aef091bffffff00000000000000000001000000000000000000003d16300704000000000000000000000000000000000000007f0800000f0200000040bf0cb2018033eaff0000eaff0000c005012a00fcffc30402c4c4c4dd180050f2020101840003a4000027a4000042435e0062322f00dd0900037f01010000ff7fdd1a0050f20101000050f20202000050f2040050f20201000050f20230180100000fac020200000fac04000fac020100000fac020000
11-04 21:02:59.457  2729  3064 D WifiHW  : flags=[WPA-PSK-CCMP+TKIP][WPA2-PSK-CCMP+TKIP][ESS]
11-04 21:02:59.457  2729  3064 D WifiHW  : ssid=
11-04 21:02:59.457  2729  3064 D WifiHW  : ####
11-04 21:02:59.457  2729  3064 D WifiHW  : 020101840003a4000027a4000042435e0062322f00dd0900037f01010000ff7f
11-04 21:02:59.457  2729  3064 D WifiHW  : flags=[E ) {
11-04 21:02:59.457  2729  3064 D WifiHW  : enter -->wifi_send_command cmd=IFNAME=wlan0 BSS RANGE=3053- MASK=0x29d87
11-04 21:02:59.460  2729  3066 D WifiScanningService: onScanStatus event received, event=0
11-04 21:02:59.460  2729  3064 D WifiHW  : leave --> reply=id=3052
11-04 21:02:59.460  2729  3064 D WifiHW  : bssid=d2:93:5b:c7:66:a0
11-04 21:02:59.460  2729  3064 D WifiHW  : freq=5240
11-04 21:02:59.460  2729  3064 D WifiHW  : level=-94
11-04 21:02:59.460  2729  3064 D WifiHW  : tsf=0000168255288125
11-04 21:02:59.460  2729  3064 D WifiHW  : ie=000001088c129824b048606c030130050400010000074c55532024011e28011e2c011e30011e3401183801183c01184001186401186801186c01187001187401187801187c01188001188401188801188c011895011e99011e9d011ea1011ea5011e002001032d1aef091bffffff00000000000000000001000000000000000000003d16300704000000000000000000000000000000000000007f0800000f0200000040bf0cb2018033eaff0000eaff0000c005012a00fcffc30402c4c4c4dd180050f2020101840003a4000027a4000042435e0062322f00dd0900037f01010000ff7fdd1a0050f20101000050f20202000050f2040050f20201000050f20230180100000fac020200000fac04000fac020100000fac020000
11-04 21:02:59.460  2729  3064 D WifiHW  : flags=[WPA-PSK-CCMP+TKIP][WPA2-PSK-CCMP+TKIP][ESS]
11-04 21:02:59.460  2729  3064 D WifiHW  : ssid=
11-04 21:02:59.460  2729  3064 D WifiHW  : ####
11-04 21:02:59.460  2729  3064 E WifiStateMachine: mIsFullScanOngoing: false, mSendScanResultsBroadcast: false
11-04 21:02:59.461  2729  2729 E Tethering: updateConfiguration: wrong MCCMNC =
11-04 21:02:59.461  2729  2729 I Tethering: ifaceTypes = null, use default
11-04 21:02:59.461  2729  2729 I Tethering: upstreamIfaceTypes.add:  0 1 5 7 9 49
11-04 21:02:59.463  2729  3066 D WifiScanningService: singleScanResults: ClientInfo[uid=1000,android.os.Messenger@da87dda],Id=228,results=17
11-04 21:02:59.463  2729  3066 D WifiScanningService: singleScanResults: ClientInfo[uid=1000,android.os.Messenger@da87dda],Id=1,results=17
11-04 21:02:59.464  2729  3066 E WifiScanningService: WifiSingleScanStateMachine IdleState enter
11-04 21:02:59.464  2729  3064 D WifiScanner: removing listener for single scan
11-04 21:02:59.465  2729  3064 D WifiConnectivityManager: AllSingleScanListener onResults: start QNS
11-04 21:02:59.465  2729  3064 D WifiStateMachine: Supplicant is under steady state: COMPLETED
11-04 21:02:59.465  2729  3064 D WifiQualifiedNetworkSelector:: ==========start qualified Network Selection==========
11-04 21:02:59.467  2729  3064 D WifiQualifiedNetworkSelector:: ASUS:ac:9e:17:ab:34:78 / ASUS:ac:9e:17:ab:34:70 / ASUS:ac:9e:17:ab:34:74 / drod1000:14:22:db:4f:70:86 / drod1000:14:22:db:4f:70:85 / drod1000:14:22:db:4f:85:66 / drod1000:14:22:db:2e:5d:e6 / NTGR_VMB_1525578997:a0:04:60:83:e8:b8 / NTGR_VMB_1041408049:10:da:43:c6:1d:3a / :00:0d:67:24:ad:88 / TheTreeHouse:a0:04:60:8a:62:8d / :14:22:db:4f:70:88 / :14:22:db:4f:85:68 / :00:3a:9a:f0:76:20 / :12:86:8c:a2:32:64 / XFINITY:e2:93:5b:c7:66:a0 / :d2:93:5b:c7:66:a0 /  dump for scanDetails at begin of selectQualifiedNetwork()
11-04 21:02:59.467  2729  3064 D WifiQualifiedNetworkSelector:: Current network is: "ASUS" ,ID is: 4
11-04 21:02:59.467  2729  3064 D WifiQualifiedNetworkSelector:: Current band = 5GHz bandcurrent RSSI is: -73
11-04 21:02:59.468  2729  3064 D WifiQualifiedNetworkSelector:: Current network is not qualified
11-04 21:02:59.469  2729  3064 D WifiQualifiedNetworkSelector:: Saved Network List
11-04 21:02:59.469  2729  3064 D WifiQualifiedNetworkSelector::     "ASUS":4  User Preferred BSSID:null FQDN:null NETWORK_SELECTION_ENABLED Disable account: 0 0 0 0 0 0 0 0 0 0 0 Connect Choice:null set time:-1
11-04 21:02:59.469  2729  3064 D WifiQualifiedNetworkSelector::     "ATT504":1  User Preferred BSSID:null FQDN:null NETWORK_SELECTION_ENABLED Disable account: 0 0 0 0 0 0 0 0 0 0 0 Connect Choice:null set time:-1
11-04 21:02:59.469  2729  3064 D WifiQualifiedNetworkSelector::     "SlackGuest":0  User Preferred BSSID:null FQDN:null NETWORK_SELECTION_ENABLED Disable account: 0 0 0 0 0 0 0 0 0 0 0 Connect Choice:null set time:-1
11-04 21:02:59.469  2729  3064 D WifiQualifiedNetworkSelector::     "GGT-WIFI":5  User Preferred BSSID:null FQDN:null NETWORK_SELECTION_ENABLED Disable account: 0 0 0 0 0 0 0 0 0 0 0 Connect Choice:"Ellipsis Jetpack FFEC"WPA_PSK set time:1541085539687
11-04 21:02:59.469  2729  3064 D WifiQualifiedNetworkSelector::     "Ellipsis Jetpack FFEC":3  User Preferred BSSID:null FQDN:null NETWORK_SELECTION_ENABLED Disable account: 0 0 0 0 0 0 0 0 0 0 0 Connect Choice:null set time:-1
11-04 21:02:59.469  2729  3064 D WifiQualifiedNetworkSelector::     "YPC_0A8CAC":2  User Preferred BSSID:null FQDN:null NETWORK_SELECTION_ENABLED Disable account: 0 0 0 0 0 0 0 0 0 0 0 Connect Choice:null set time:-1
11-04 21:02:59.469  2729  3064 D WifiConfigManager: getSavedNetworkFromScanDetail(): try "ASUS"WPA_PSK SSID="ASUS" ASUS [WPA2-PSK-CCMP][ESS]
11-04 21:02:59.472  2729  3064 D WifiQualifiedNetworkSelector:: networkCandidate updated to "ASUS"
11-04 21:02:59.472  2729  3064 D WifiConfigManager: getSavedNetworkFromScanDetail(): try "ASUS"WPA_PSK SSID="ASUS" ASUS [WPA2-PSK-CCMP][ESS]
11-04 21:02:59.474  2729  3064 D WifiConfigManager: getSavedNetworkFromScanDetail(): try "ASUS"WPA_PSK SSID="ASUS" ASUS [WPA2-PSK-CCMP][ESS]
11-04 21:02:59.476  2729  3064 D WifiQualifiedNetworkSelector:: TheTreeHouse:a0:04:60:8a:62:8d(2.4GHz)-89 / XFINITY:e2:93:5b:c7:66:a0(5GHz)-92 /  skipped due to low signal
11-04 21:02:59.477  2729  3064 D WifiQualifiedNetworkSelector:: drod1000:14:22:db:4f:70:86 / drod1000:14:22:db:4f:70:85 / drod1000:14:22:db:4f:85:66 / drod1000:14:22:db:2e:5d:e6 / NTGR_VMB_1525578997:a0:04:60:83:e8:b8 / NTGR_VMB_1041408049:10:da:43:c6:1d:3a /  skipped due to not saved
11-04 21:02:59.477  2729  3064 D WifiQualifiedNetworkSelector::  
11-04 21:02:59.477  2729  3064 D WifiQualifiedNetworkSelector:: 00:0d:67:24:ad:88 / 14:22:db:4f:70:88 / 14:22:db:4f:85:68 / 00:3a:9a:f0:76:20 / 12:86:8c:a2:32:64 / d2:93:5b:c7:66:a0 /  skipped due to not valid SSID
11-04 21:02:59.477  2729  3064 D WifiQualifiedNetworkSelector::  RSSI score: 32 5GHz bonus: 40 Same network with current associated. Bonus: 16 Same BSSID with current association. Bonus: 24 Secure network Bonus:80 Score for scanResult: SSID: ASUS, BSSID: ac:9e:17:ab:34:78, capabilities: [WPA2-PSK-CCMP][ESS], level: -77, frequency: 5805, timestamp: 168255288032, distance: ?(cm), distanceSd: ?(cm), passpoint: no, ChannelBandwidth: 2, centerFreq0: 5775, centerFreq1: 0, 80211mcResponder: is not supported and Network ID: 4 final score:192
11-04 21:02:59.477  2729  3064 D WifiQualifiedNetworkSelector:: 
11-04 21:02:59.477  2729  3064 D WifiQualifiedNetworkSelector::  RSSI score: 88 Same network with current associated. Bonus: 16 Secure network Bonus:80 Score for scanResult: SSID: ASUS, BSSID: ac:9e:17:ab:34:70, capabilities: [WPA2-PSK-CCMP][ESS], level: -63, frequency: 2457, timestamp: 168255287962, distance: ?(cm), distanceSd: ?(cm), passpoint: no, ChannelBandwidth: 0, centerFreq0: 0, centerFreq1: 0, 80211mcResponder: is not supported and Network ID: 4 final score:184
11-04 21:02:59.477  2729  3064 D WifiQualifiedNetworkSelector:: 
11-04 21:02:59.477  2729  3064 D WifiQualifiedNetworkSelector::  RSSI score: 20 5GHz bonus: 40 Same network with current associated. Bonus: 16 Secure network Bonus:80 Score for scanResult: SSID: ASUS, BSSID: ac:9e:17:ab:34:74, capabilities: [WPA2-PSK-CCMP][ESS], level: -80, frequency: 5180, timestamp: 168255288001, distance: ?(cm), distanceSd: ?(cm), passpoint: no, ChannelBandwidth: 2, centerFreq0: 5210, centerFreq1: 0, 80211mcResponder: is not supported and Network ID: 4 final score:156
11-04 21:02:59.477  2729  3064 D WifiQualifiedNetworkSelector:: 
11-04 21:02:59.478  2729  3064 D WifiQualifiedNetworkSelector:: HighestScoreCandate:"ASUS" ConnectChoice:null
11-04 21:02:59.478  2729  3064 D WifiQualifiedNetworkSelector:: After user choice adjust, the final candidate is:"ASUS":4 : ac:9e:17:ab:34:78
11-04 21:02:59.478  2729  3064 D WifiQualifiedNetworkSelector:: "ASUS":4 is already the best choice!
11-04 21:02:59.479  2729  3064 D WifiConnectivityManager: AllSingleScanListener: QNS candidate-"ASUS"
11-04 21:02:59.479  2729  3064 D WifiConnectivityManager: connectToNetwork: Either already connected or is connecting to "ASUS" : ac:9e:17:ab:34:78
11-04 21:02:59.483  1992  1993 D FRR     : buff=0x7e50e02306, len=174
11-04 21:02:59.483  1992  1993 D FRR     : uevent[0]=0x7e50e02306, len=41, "change@/devices/virtual/misc/m_smart_misc"
11-04 21:02:59.483  1992  1993 D FRR     : voteFps(60, 0)
11-04 21:02:59.483  1992  1993 D FRR     : ThermalListener loop:
11-04 21:02:59.484  2729  2729 I Tethering: checkDunRequired:2
11-04 21:02:59.484  2729  2729 D Tethering: mPreferredUpstreamMobileApn = 5
11-04 21:02:59.485  2729  2729 I AppWidgetServiceImpl: Received broadcast: android.intent.action.CONFIGURATION_CHANGED on user -10000
11-04 21:02:59.485  2729  2729 I AppWidgetServiceImpl: onConfigurationChanged()
11-04 21:02:59.485  1568  1588 D Surface : Surface::disconnect(this=0x7b16654e00,api=1)
11-04 21:02:59.487   324   500 I BufferQueueProducer: [bluerock.com.bluerock/bluerock.com.bluerock.MainActivity](this:0x7a58cc0800,id:886,api:1,p:-1,c:324) disconnect(P): api 1
11-04 21:02:59.487   324   500 I BufferQueueConsumer: [bluerock.com.bluerock/bluerock.com.bluerock.MainActivity](this:0x7a58cc0800,id:886,api:1,p:-1,c:324) getReleasedBuffers: returning mask 0xffffffffffffffff
11-04 21:02:59.489  3177  3306 D OpenGLRenderer: CanvasContext() 0x7af6388a00
11-04 21:02:59.490  3177  3177 D ViewRootImpl[AssistPreviewPanel]: hardware acceleration is enabled, this = ViewRoot{5a89989 AssistPreviewPanel,ident = 305}
11-04 21:02:59.491  1568  1588 D Surface : Surface::disconnect(this=0x7b16654e00,api=1)
11-04 21:02:59.493   324  2193 I BufferQueueProducer: [bluerock.com.bluerock/bluerock.com.bluerock.MainActivity](this:0x7a58cc0800,id:886,api:1,p:-1,c:324) disconnect(P): api 1
11-04 21:02:59.496  2729 28272 D InputDispatcher: channel '439c4b2 AssistPreviewPanel (server)' ~ registerInputChannel - monitor=false
11-04 21:02:59.496  2729  3053 D InputDispatcher: Dispatch frozen.  Waiting some more.
11-04 21:02:59.496  2729 28272 D InputDispatcher: setInputWindows
11-04 21:02:59.496  2729  3053 D InputDispatcher: Dispatch frozen.  Waiting some more.
11-04 21:02:59.497  2729 29840 V WindowManager: Remove Window{8485b4 u0 bluerock.com.bluerock/bluerock.com.bluerock.MainActivity} client=e90a287, surfaceController=Surface(name=bluerock.com.bluerock/bluerock.com.bluerock.MainActivity) Callers=com.android.server.wm.WindowManagerService.removeWindowLocked:2567 com.android.server.wm.WindowManagerService.removeWindow:2562 com.android.server.wm.Session.remove:205 android.view.IWindowSession$Stub.onTransact:242 
11-04 21:02:59.497  2729 29840 D InputDispatcher: channel '8485b4 bluerock.com.bluerock/bluerock.com.bluerock.MainActivity (server)' ~ unregisterInputChannel
11-04 21:02:59.497  2729 29840 D InputDispatcher: channel '8485b4 bluerock.com.bluerock/bluerock.com.bluerock.MainActivity (server)' ~ abortBrokenDispatchCycle - notify=false
11-04 21:02:59.497  2729  3053 D InputDispatcher: Dispatch frozen.  Waiting some more.
11-04 21:02:59.498  2729 29840 I WindowManager: Destroying surface Surface(name=bluerock.com.bluerock/bluerock.com.bluerock.MainActivity) called by com.android.server.wm.WindowStateAnimator.destroySurface:2152 com.android.server.wm.WindowStateAnimator.destroySurfaceLocked:947 com.android.server.wm.WindowState.removeLocked:1482 com.android.server.wm.WindowManagerService.removeWindowInnerLocked:2750 com.android.server.wm.WindowManagerService.removeWindowLocked:2698 com.android.server.wm.WindowManagerService.removeWindowLocked:2567 com.android.server.wm.WindowManagerService.removeWindow:2562 com.android.server.wm.Session.remove:205 
11-04 21:02:59.499  2729 29840 D InputDispatcher: setInputWindows
11-04 21:02:59.499  2729 29840 D InputDispatcher: Focus left window: Window{8485b4 u0 bluerock.com.bluerock/bluerock.com.bluerock.MainActivity}
11-04 21:02:59.499  2729 29840 D InputDispatcher: Window went away: Window{8485b4 u0 bluerock.com.bluerock/bluerock.com.bluerock.MainActivity}
11-04 21:02:59.499  2729  3053 D InputDispatcher: Dispatch frozen.  Waiting some more.
11-04 21:02:59.500  2729 29840 D InputDispatcher: setInputWindows
11-04 21:02:59.500  2729 29840 V WindowManager: findFocusedWindow: No focusable windows.
11-04 21:02:59.500  2729  3053 D InputDispatcher: Dispatch frozen.  Waiting some more.
11-04 21:02:59.501  2729 29840 V WindowManager: Changing focus from Window{8485b4 u0 bluerock.com.bluerock/bluerock.com.bluerock.MainActivity} to null Callers=com.android.server.wm.WindowManagerService.removeWindowLocked:2704 com.android.server.wm.WindowManagerService.removeWindowLocked:2567 com.android.server.wm.WindowManagerService.removeWindow:2562 com.android.server.wm.Session.remove:205 
11-04 21:02:59.501  2729 29840 D WindowManager: Input focus has changed to null
11-04 21:02:59.501  2729 29840 D InputDispatcher: setInputWindows
11-04 21:02:59.501  2729  3053 D InputDispatcher: Dispatch frozen.  Waiting some more.
11-04 21:02:59.502  1568  1568 D WindowClient: Remove from mViews: DecorView@969ab37[MainActivity], this = android.view.WindowManagerGlobal@7d9b3c9
11-04 21:02:59.507   324   324 I BufferQueueConsumer: [NavigationBar](this:0x7a5860c000,id:699,api:1,p:3177,c:324) setDefaultBufferSize: width=1080 height=144
11-04 21:02:59.507   324   324 I BufferQueueConsumer: [bluerock.com.bluerock/bluerock.com.bluerock.MainActivity](this:0x7a58cc0800,id:886,api:1,p:-1,c:-1) disconnect(C)
11-04 21:02:59.507   324   324 I BufferQueue: [bluerock.com.bluerock/bluerock.com.bluerock.MainActivity](this:0x7a58cc0800,id:886,api:1,p:-1,c:-1) ~BufferQueueCore
11-04 21:02:59.508  2729 10181 D InputDispatcher: setInputWindows
11-04 21:02:59.508  2729  3053 D InputDispatcher: Dispatch frozen.  Waiting some more.
11-04 21:02:59.509  2729 10181 D InputDispatcher: setInputWindows
11-04 21:02:59.509  2729  3053 D InputDispatcher: Dispatch frozen.  Waiting some more.
11-04 21:02:59.509  2729 10181 D InputDispatcher: setInputWindows
11-04 21:02:59.509  2729  3053 D InputDispatcher: Dispatch frozen.  Waiting some more.
11-04 21:02:59.510  3177  3306 D Surface : Surface::disconnect(this=0x7af88c1000,api=1)
11-04 21:02:59.510   324   503 I BufferQueueProducer: [NavigationBar](this:0x7a5860c000,id:699,api:1,p:-1,c:324) disconnect(P): api 1
11-04 21:02:59.511   324   503 I BufferQueueConsumer: [NavigationBar](this:0x7a5860c000,id:699,api:1,p:-1,c:324) getReleasedBuffers: returning mask 0xffffffffffffffff
11-04 21:02:59.512  3177  3306 D Surface : Surface::disconnect(this=0x7af88c1000,api=1)
11-04 21:02:59.512   324   500 I BufferQueueProducer: [NavigationBar](this:0x7a5860c000,id:699,api:1,p:-1,c:324) disconnect(P): api 1
11-04 21:02:59.512  3177  3306 D Surface : Surface::connect(this=0x7af88c1000,api=1)
11-04 21:02:59.513   324   991 I BufferQueueProducer: [NavigationBar](this:0x7a5860c000,id:699,api:1,p:3177,c:324) connect(P): api=1 producer=(3177:com.android.systemui) producerControlledByApp=true
11-04 21:02:59.513  3177  3306 W libEGL  : [ANDROID_RECORDABLE] format: 1
11-04 21:02:59.514  3177  3306 D mali_winsys: EGLint new_window_surface(egl_winsys_display*, void*, EGLSurface, EGLConfig, egl_winsys_surface**, egl_color_buffer_format*, EGLBoolean) returns 0x3000
11-04 21:02:59.518  3177  3177 D WindowClient: Add to mViews: com.android.systemui.assist.AssistOrbContainer{874d8e G.E...... ......I. 0,0-0,0}, this = android.view.WindowManagerGlobal@8dc428f
11-04 21:02:59.519  3177  3306 D OpenGLRenderer: CanvasContext() 0x7af72f8600
11-04 21:02:59.520  3177  3177 D ViewRootImpl[AssistPreviewPanel]: hardware acceleration is enabled, this = ViewRoot{7dcf0c1 AssistPreviewPanel,ident = 306}
11-04 21:02:59.522  2729 10947 D InputDispatcher: channel 'c84d780 AssistPreviewPanel (server)' ~ registerInputChannel - monitor=false
11-04 21:02:59.522  2729  3053 D InputDispatcher: Dispatch frozen.  Waiting some more.
11-04 21:02:59.522  2729 10947 D InputDispatcher: setInputWindows
11-04 21:02:59.522  2729  3053 D InputDispatcher: Dispatch frozen.  Waiting some more.
11-04 21:02:59.524   324   503 I BufferQueueProducer: [NavigationBar](this:0x7a5860c000,id:699,api:1,p:3177,c:324) new GraphicBuffer needed
11-04 21:02:59.525  2729  3875 V WindowManager: findFocusedWindow: No focusable windows.
11-04 21:02:59.527  2729  3875 D InputDispatcher: setInputWindows
11-04 21:02:59.527  2729  3053 D InputDispatcher: Dispatch frozen.  Waiting some more.
11-04 21:02:59.527  2729  3875 D InputDispatcher: setInputWindows
11-04 21:02:59.527  2729  3053 D InputDispatcher: Dispatch frozen.  Waiting some more.
11-04 21:02:59.528   324   503 I BufferQueueProducer: [NavigationBar](this:0x7a5860c000,id:699,api:1,p:3177,c:324) queueBuffer: fps=0.01 dur=162474.95 max=162225.87 min=249.08
11-04 21:02:59.529   324  2193 I BufferQueueProducer: [NavigationBar](this:0x7a5860c000,id:699,api:1,p:3177,c:324) new GraphicBuffer needed
11-04 21:02:59.544   324   324 D MALI    : eglCreateImageKHR:513: [Crop] 0 0 0 0  img[1080 144] 
11-04 21:02:59.545  1568  1587 D OkHttp  : --> GET https://pixabay.com/api/?key=10583771-d9cdc2ef7dce85b4c6299413f/editors_choice=1
11-04 21:02:59.546  1568  1587 D OkHttp  : --> END GET
11-04 21:02:59.548  2261  2962 D FrameworkListener: dispatchCommand data = (getaddrinfo pixabay.com ^ 1024 0 1 0 0)
11-04 21:02:59.549  2261  1629 D libc-netbsd: [getaddrinfo]: hostname=pixabay.com; servname=(null); netid=118; mark=118; ai_flags=1024; ai_family=0
11-04 21:02:59.551  2261  1629 D libc-netbsd: default dns: query_ipv6=0, query_ipv4=1
11-04 21:02:59.551  3177  3177 D WindowClient: Add to mViews: com.android.systemui.stackdivider.DividerView{270efa7 I.E...... ......I. 0,0-0,0}, this = android.view.WindowManagerGlobal@8dc428f
11-04 21:02:59.551  2261  1629 D libc-netbsd: res_queryN name = pixabay.com succeed
11-04 21:02:59.551  2261  1629 D SocketClient: SocketClient sendData done: 222
11-04 21:02:59.551  1568  1568 V PhoneWindow: DecorView setVisiblity: visibility = 4, Parent = null, this = DecorView@5efc74f[]
11-04 21:02:59.551  2261  1629 D SocketClient: SocketClient sendData done: 
11-04 21:02:59.551  2261  1629 D SocketClient: SocketClient sendData done: 
11-04 21:02:59.552  1568  1587 D libc-netbsd: getaddrinfo: pixabay.com get result from proxy gai_error = 0
11-04 21:02:59.552  1568  1568 D WindowClient: Add to mViews: DecorView@5efc74f[MainActivity], this = android.view.WindowManagerGlobal@7d9b3c9
11-04 21:02:59.553  3177  3306 D OpenGLRenderer: CanvasContext() 0x7af62405c0
11-04 21:02:59.553  1568  1587 I System.out: [socket][1] connection pixabay.com/213.239.228.132:443;LocalPort=-1(10000)
11-04 21:02:59.553  1568  1587 D         : [Posix_connect Debug]Process bluerock.com.bluerock :443 
11-04 21:02:59.553  3177  3177 D ViewRootImpl[DockedStackDivider]: hardware acceleration is enabled, this = ViewRoot{6b2df43 DockedStackDivider,ident = 307}
11-04 21:02:59.555  1568  1588 D OpenGLRenderer: CanvasContext() 0x7afa3b83c0
11-04 21:02:59.556  2729 14615 D InputDispatcher: channel 'efb79fe DockedStackDivider (server)' ~ registerInputChannel - monitor=false
11-04 21:02:59.556  2729  3053 D InputDispatcher: Dispatch frozen.  Waiting some more.
11-04 21:02:59.556  1568  1568 D ViewRootImpl[MainActivity]: hardware acceleration is enabled, this = ViewRoot{d92ed0d bluerock.com.bluerock/bluerock.com.bluerock.MainActivity,ident = 2}
11-04 21:02:59.556  2729 14615 D InputDispatcher: setInputWindows
11-04 21:02:59.556  2729  3053 D InputDispatcher: Dispatch frozen.  Waiting some more.
11-04 21:02:59.557  2729  2745 D InputDispatcher: channel 'f1febac bluerock.com.bluerock/bluerock.com.bluerock.MainActivity (server)' ~ registerInputChannel - monitor=false
11-04 21:02:59.558  2729  3053 D InputDispatcher: Dispatch frozen.  Waiting some more.
11-04 21:02:59.559  2729  2745 D InputDispatcher: setInputWindows
11-04 21:02:59.559  2729  3053 D InputDispatcher: Dispatch frozen.  Waiting some more.
11-04 21:02:59.560  3177  3177 V PhoneStatusBar: defineSlots
11-04 21:02:59.560  2729  2745 D InputDispatcher: setInputWindows
11-04 21:02:59.560  2729  3053 D InputDispatcher: Dispatch frozen.  Waiting some more.
